******************************************************************************
               TMS320C6x Linker PC v7.4.4                      
******************************************************************************
>> Linked Tue Apr 11 17:11:55 2023

OUTPUT FILE NAME:   <GTZ_all_freq_2022.out>
ENTRY POINT SYMBOL: "_c_int00"  address: 00812ac0


MEMORY CONFIGURATION

         name            origin    length      used     unused   attr    fill
----------------------  --------  ---------  --------  --------  ----  --------
  L2SRAM                00800000   00080000  000215e0  0005ea20  RW X
  MSMCSRAM              0c000000   00400000  00000000  00400000  RW X
  DDR2                  80000000   10000000  00000000  10000000  RWIX


SEGMENT ALLOCATION MAP

run origin  load origin   length   init length attrs members
----------  ----------- ---------- ----------- ----- -------
00800000    00800000    00016fe0   00016fe0    r-x
  00800000    00800000    00016fe0   00016fe0    r-x .text
00816fe0    00816fe0    00004458   00000000    rw-
  00816fe0    00816fe0    00004458   00000000    rw- .far
0081b438    0081b438    00000008   00000008    rw-
  0081b438    0081b438    00000008   00000008    rw- .fardata.1
0081b440    0081b440    00003824   00003824    r--
  0081b440    0081b440    00003824   00003824    r-- .const
0081ec68    0081ec68    00001000   00000000    rw-
  0081ec68    0081ec68    00001000   00000000    rw- .stack
0081fc68    0081fc68    00000de4   00000de4    rw-
  0081fc68    0081fc68    00000de4   00000de4    rw- .fardata.2
00820a50    00820a50    00000140   00000000    rw-
  00820a50    00820a50    00000120   00000000    rw- .cio
  00820b70    00820b70    00000020   00000000    rw- .bss
00820b90    00820b90    00000014   00000014    rw-
  00820b90    00820b90    00000014   00000014    rw- .neardata
00820c00    00820c00    00000a44   00000a44    r-x
  00820c00    00820c00    00000200   00000200    r-x .vecs
  00820e00    00820e00    00000844   00000844    r-- .cinit


SECTION ALLOCATION MAP

 output                                  attributes/
section   page    origin      length       input sections
--------  ----  ----------  ----------   ----------------
.init_array 
*          0    00800000    00000000     UNINITIALIZED

xdc.meta   0    00800000    00000118     COPY SECTION
                  00800000    00000118     Sys_BIOs_config_pe66.oe66 (xdc.meta)

.text      0    00800000    00016fe0     
                  00800000    000008a0     sysbios.ae66 : BIOS.obj (.text:ti_sysbios_family_c64p_Exception_handler__I)
                  008008a0    000008a0     ti.targets.rts6000.ae66 : System.oe66 (.text:xdc_runtime_System_doPrint__I)
                  00801140    00000600     sysbios.ae66 : BIOS.obj (.text:ti_sysbios_heaps_HeapMem_alloc__E)
                  00801740    00000600                  : BIOS.obj (.text:ti_sysbios_knl_Semaphore_pend__E)
                  00801d40    000005e0                  : BIOS.obj (.text:ti_sysbios_heaps_HeapMem_free__E)
                  00802320    000005c0     rts6600_elf.lib : divd.obj (.text:__c6xabi_divd)
                  008028e0    000005c0                     : _printfi.obj (.text:_getarg_diouxp)
                  00802ea0    000005a0     sysbios.ae66 : BIOS.obj (.text:ti_sysbios_timers_timer64_Timer_Module_startup__F)
                  00803440    00000520     util.obj (.text)
                  00803960    00000500     sysbios.ae66 : BIOS.obj (.text:ti_sysbios_utils_Load_update__E)
                  00803e60    000004c0     rts6600_elf.lib : fwrite.obj (.text:fwrite)
                  00804320    00000460                     : _printfi.obj (.text:_printfi)
                  00804780    00000460                     : _printfi.obj (.text:_setfield)
                  00804be0    00000420     sysbios.ae66 : BIOS.obj (.text:ti_sysbios_knl_Task_sleep__E)
                  00805000    00000420                  : BIOS.obj (.text:ti_sysbios_utils_Load_logLoads__I)
                  00805420    000003a0     rts6600_elf.lib : fputs.obj (.text:fputs)
                  008057c0    00000360     main_gtz.obj (.text)
                  00805b20    00000320     rts6600_elf.lib : _printfi.obj (.text:_pproc_fge)
                  00805e40    00000300     sysbios.ae66 : BIOS.obj (.text:ti_sysbios_family_c64p_Hwi_dispatchC__I)
                  00806140    000002e0     rts6600_elf.lib : _printfi.obj (.text:_pproc_fwp)
                  00806420    000002e0     sysbios.ae66 : BIOS.obj (.text:ti_sysbios_heaps_HeapMem_Instance_init__F)
                  00806700    000002c0     rts6600_elf.lib : fread.obj (.text:fread)
                  008069c0    000002c0     ti.uia.runtime.ae66 : LoggerProbePoint.oe66 (.text:ti_uia_runtime_LoggerProbePoint_write8__E)
                  00806c80    000002c0                         : LoggerStopMode.oe66 (.text:ti_uia_runtime_LoggerStopMode_write8__E)
                  00806f40    000002a0     rts6600_elf.lib : _printfi.obj (.text:fcvt)
                  008071e0    000002a0     sysbios.ae66 : BIOS.obj (.text:ti_sysbios_knl_Clock_Instance_init__F)
                  00807480    000002a0                  : BIOS.obj (.text:ti_sysbios_knl_Clock_workFunc__E)
                  00807720    000002a0                  : BIOS.obj (.text:ti_sysbios_timers_timer64_Timer_deviceConfig__I)
                  008079c0    00000280     rts6600_elf.lib : divf.obj (.text:__c6xabi_divf)
                  00807c40    00000280                     : _printfi.obj (.text:ecvt)
                  00807ec0    00000280                     : sin.obj (.text:sin)
                  00808140    00000280     ti.uia.runtime.ae66 : LoggerStopMode.oe66 (.text:ti_uia_runtime_LoggerStopMode_writeMemoryRange__E)
                  008083c0    00000280     ti.targets.rts6000.ae66 : Error.oe66 (.text:xdc_runtime_Error_raiseX__F)
                  00808640    00000260     sysbios.ae66 : BIOS.obj (.text:ti_sysbios_family_c64p_Exception_internalHandler__I)
                  008088a0    00000260                  : BIOS.obj (.text:ti_sysbios_knl_Semaphore_post__E)
                  00808b00    00000260     ti.uia.runtime.ae66 : LoggerProbePoint.oe66 (.text:ti_uia_runtime_LoggerProbePoint_write4__E)
                  00808d60    00000260                         : LoggerProbePoint.oe66 (.text:ti_uia_runtime_LoggerProbePoint_writeMemoryRange__E)
                  00808fc0    00000260     ti.targets.rts6000.ae66 : Startup.oe66 (.text:xdc_runtime_Startup_startMods__I)
                  00809220    00000260     Sys_BIOs_config_pe66.oe66 (.text:xdc_runtime_System_printfExtend__I)
                  00809480    00000240     rts6600_elf.lib : imath64.obj (.text:__c6xabi_divull)
                  008096c0    00000240                     : _printfi.obj (.text:_pconv_e)
                  00809900    00000240                     : _printfi.obj (.text:_pproc_diouxp)
                  00809b40    00000240     sysbios.ae66 : BIOS.obj (.text:ti_sysbios_knl_Task_exit__E)
                  00809d80    00000240     ti.uia.runtime.ae66 : LoggerProbePoint.oe66 (.text:ti_uia_runtime_LoggerProbePoint_write0__E)
                  00809fc0    00000240                         : LoggerProbePoint.oe66 (.text:ti_uia_runtime_LoggerProbePoint_write1__E)
                  0080a200    00000240                         : LoggerProbePoint.oe66 (.text:ti_uia_runtime_LoggerProbePoint_write2__E)
                  0080a440    00000240                         : LoggerStopMode.oe66 (.text:ti_uia_runtime_LoggerStopMode_write4__E)
                  0080a680    00000240     ti.targets.rts6000.ae66 : LoggerBuf.oe66 (.text:xdc_runtime_LoggerBuf_write8__F)
                  0080a8c0    00000220     rts6600_elf.lib : _printfi.obj (.text:_pproc_str)
                  0080aae0    00000220                     : fputc.obj (.text:fputc)
                  0080ad00    00000220     sysbios.ae66 : BIOS.obj (.text:ti_sysbios_knl_Swi_run__I)
                  0080af20    00000220                  : BIOS.obj (.text:ti_sysbios_knl_Task_schedule__I)
                  0080b140    00000220                  : BIOS.obj (.text:ti_sysbios_knl_Task_startCore__E)
                  0080b360    00000220     ti.targets.rts6000.ae66 : Core-mem.oe66 (.text:xdc_runtime_Core_createObject__I)
                  0080b580    00000200     rts6600_elf.lib : _printfi.obj (.text:_pconv_g)
                  0080b780    00000200     sysbios.ae66 : c64p_Hwi_disp_always.obj (.text:_ti_sysbios_family_c64p_Hwi_dispatchAlways)
                  0080b980    00000200     rts6600_elf.lib : setvbuf.obj (.text:setvbuf)
                  0080bb80    00000200     sysbios.ae66 : BIOS.obj (.text:ti_sysbios_utils_Load_taskDeleteHook__E)
                  0080bd80    000001e0                  : BIOS.obj (.text:ti_sysbios_family_c64p_Exception_externalHandler__I)
                  0080bf60    000001e0                  : BIOS.obj (.text:ti_sysbios_knl_Task_checkStacks__E)
                  0080c140    000001e0                  : BIOS.obj (.text:ti_sysbios_knl_Task_postInit__I)
                  0080c320    000001e0                  : BIOS.obj (.text:ti_sysbios_timers_timer64_Timer_getFreq__E)
                  0080c500    000001e0                  : BIOS.obj (.text:ti_sysbios_utils_Load_idleFxn__E)
                  0080c6e0    000001c0     rts6600_elf.lib : _printfi.obj (.text:_mcpy)
                  0080c8a0    000001c0                     : fopen.obj (.text:_openfile)
                  0080ca60    000001c0     sysbios.ae66 : BIOS.obj (.text:ti_sysbios_family_c64p_Exception_decodeMpfsr__I)
                  0080cc20    000001c0                  : BIOS.obj (.text:ti_sysbios_gates_GateMutex_enter__E)
                  0080cde0    000001c0                  : BIOS.obj (.text:ti_sysbios_timers_timer64_Timer_setPeriodMicroSecs__E)
                  0080cfa0    000001c0     ti.targets.rts6000.ae66 : Text.oe66 (.text:xdc_runtime_Text_putSite__F)
                  0080d160    000001a0     rts6600_elf.lib : trgdrv.obj (.text:HOSTrename)
                  0080d300    000001a0                     : imath40.obj (.text:__c6xabi_divul)
                  0080d4a0    000001a0     sysbios.ae66 : BIOS.obj (.text:ti_sysbios_timers_timer64_Timer_start__E)
                  0080d640    000001a0     ti.targets.rts6000.ae66 : LoggerBuf.oe66 (.text:xdc_runtime_LoggerBuf_write4__F)
                  0080d7e0    00000180     rts6600_elf.lib : copy_decompress_rle.obj (.text:__TI_decompress_rle_core)
                  0080d960    00000180                     : lowlev.obj (.text:open)
                  0080dae0    00000180     sysbios.ae66 : c64p_Exception_asm.obj (.text)
                  0080dc60    00000180                  : BIOS.obj (.text:ti_sysbios_knl_Swi_schedule__I)
                  0080dde0    00000180                  : BIOS.obj (.text:ti_sysbios_knl_Task_unblockI__E)
                  0080df60    00000160     rts6600_elf.lib : sqrt.obj (.text:sqrt)
                  0080e0c0    00000160     sysbios.ae66 : BIOS.obj (.text:ti_sysbios_utils_Load_taskCreateHook__E)
                  0080e220    00000140     boot.ae66 : autoinit.oe66 (.text:_auto_init_elf)
                  0080e360    00000140     rts6600_elf.lib : _printfi.obj (.text:_pproc_fflags)
                  0080e4a0    00000140                     : lowlev.obj (.text:getdevice)
                  0080e5e0    00000140     sysbios.ae66 : BIOS.obj (.text:ti_sysbios_family_c64p_Exception_Module_startup__F)
                  0080e720    00000140                  : BIOS.obj (.text:ti_sysbios_family_c64p_Hwi_Module_startup__F)
                  0080e860    00000140                  : BIOS.obj (.text:ti_sysbios_family_c66_Cache_Module_startup__F)
                  0080e9a0    00000140                  : BIOS.obj (.text:ti_sysbios_knl_Semaphore_Instance_init__F)
                  0080eae0    00000140                  : BIOS.obj (.text:ti_sysbios_knl_Swi_post__E)
                  0080ec20    00000140                  : BIOS.obj (.text:ti_sysbios_knl_Task_Module_startup__F)
                  0080ed60    00000140                  : BIOS.obj (.text:ti_sysbios_knl_Task_blockI__E)
                  0080eea0    00000140     ti.targets.rts6000.ae66 : Text.oe66 (.text:xdc_runtime_Text_putLab__F)
                  0080efe0    00000120     rts6600_elf.lib : _bufread.obj (.text:_buff_read)
                  0080f100    00000120                     : fclose.obj (.text:_closefile)
                  0080f220    00000120                     : _printfi.obj (.text:_ltostr)
                  0080f340    00000120                     : fopen.obj (.text:_search_fp)
                  0080f460    00000120                     : fseek.obj (.text:fseek)
                  0080f580    00000120     sysbios.ae66 : BIOS.obj (.text:ti_sysbios_BIOS_rtsUnlock__I)
                  0080f6a0    00000120                  : BIOS.obj (.text:ti_sysbios_knl_Clock_startI__E)
                  0080f7c0    00000120     ti.uia.runtime.ae66 : LoggerProbePoint.oe66 (.text:ti_uia_runtime_LoggerProbePoint_setFilterLevel__E)
                  0080f8e0    00000120                         : LoggerStopMode.oe66 (.text:ti_uia_runtime_LoggerStopMode_setFilterLevel__E)
                  0080fa00    00000120                         : QueueDescriptor.oe66 (.text:ti_uia_runtime_QueueDescriptor_addToList__E)
                  0080fb20    00000120     ti.targets.rts6000.ae66 : LoggerBuf.oe66 (.text:xdc_runtime_LoggerBuf_setFilterLevel__F)
                  0080fc40    00000120                             : Text.oe66 (.text:xdc_runtime_Text_putMod__F)
                  0080fd60    00000100     rts6600_elf.lib : trgdrv.obj (.text:HOSTlseek)
                  0080fe60    00000100                     : _io_perm.obj (.text:_wrt_ok)
                  0080ff60    00000100     sysbios.ae66 : BIOS.obj (.text:ti_sysbios_knl_Swi_restoreHwi__E)
                  00810060    00000100                  : BIOS.obj (.text:ti_sysbios_timers_timer64_Timer_initDevice__I)
                  00810160    00000100                  : BIOS.obj (.text:ti_sysbios_utils_Load_addTask__E)
                  00810260    00000100     ti.uia.runtime.ae66 : LoggerProbePoint.oe66 (.text:ti_uia_runtime_LoggerProbePoint_getFilterLevel__E)
                  00810360    00000100                         : LoggerStopMode.oe66 (.text:ti_uia_runtime_LoggerStopMode_getContents__E)
                  00810460    00000100                         : LoggerStopMode.oe66 (.text:ti_uia_runtime_LoggerStopMode_getFilterLevel__E)
                  00810560    00000100     ti.targets.rts6000.ae66 : Core-mem.oe66 (.text:xdc_runtime_Core_deleteObject__I)
                  00810660    00000100                             : LoggerBuf.oe66 (.text:xdc_runtime_LoggerBuf_getFilterLevel__F)
                  00810760    00000100                             : Startup.oe66 (.text:xdc_runtime_Startup_exec__F)
                  00810860    00000100                             : Text.oe66 (.text:xdc_runtime_Text_visitRope2__I)
                  00810960    000000e0     rts6600_elf.lib : trgdrv.obj (.text:HOSTopen)
                  00810a40    000000e0                     : _printfi.obj (.text:_div)
                  00810b20    000000e0                     : atoi.obj (.text:atoi)
                  00810c00    000000e0                     : lowlev.obj (.text:close)
                  00810ce0    000000e0                     : copy_zero_init.obj (.text:decompress:ZI:__TI_zero_init)
                  00810dc0    000000e0                     : ltoa.obj (.text:ltoa)
                  00810ea0    000000e0                     : memset.obj (.text:memset)
                  00810f80    000000e0                     : printf.obj (.text:printf)
                  00811060    000000e0     sysbios.ae66 : BIOS.obj (.text:ti_sysbios_knl_Clock_start__E)
                  00811140    000000e0     Sys_BIOs_config_pe66.oe66 (.text:ti_uia_runtime_LoggerProbePoint_Object__create__S)
                  00811220    000000e0     ti.uia.runtime.ae66 : LoggerProbePoint.oe66 (.text:ti_uia_runtime_LoggerProbePoint_getContents__E)
                  00811300    000000e0                         : LoggerProbePoint.oe66 (.text:ti_uia_runtime_LoggerProbePoint_writeBlockOfMemory__I)
                  008113e0    000000e0     Sys_BIOs_config_pe66.oe66 (.text:ti_uia_runtime_LoggerStopMode_Object__create__S)
                  008114c0    000000e0     ti.uia.runtime.ae66 : LoggerStopMode.oe66 (.text:ti_uia_runtime_LoggerStopMode_writeBlockOfMemory__I)
                  008115a0    000000e0                         : QueueDescriptor.oe66 (.text:ti_uia_runtime_QueueDescriptor_removeFromList__E)
                  00811680    000000e0     ti.targets.rts6000.ae66 : Error.oe66 (.text:xdc_runtime_Error_print__F)
                  00811760    000000e0     Sys_BIOs_config_pe66.oe66 (.text:xdc_runtime_LoggerBuf_Object__create__S)
                  00811840    000000e0     ti.targets.rts6000.ae66 : Memory.oe66 (.text:xdc_runtime_Memory_alloc__F)
                  00811920    000000c0     rts6600_elf.lib : trgdrv.obj (.text:HOSTread)
                  008119e0    000000c0                     : trgdrv.obj (.text:HOSTunlink)
                  00811aa0    000000c0                     : trgdrv.obj (.text:HOSTwrite)
                  00811b60    000000c0                     : dtor_list.obj (.text:_Z11__TI_atexitPFYvPvES_S_)
                  00811c20    000000c0                     : dtor_list.obj (.text:__cxa_finalize)
                  00811ce0    000000c0                     : divu.obj (.text:__divu)
                  00811da0    000000c0                     : fflush.obj (.text:_doflush)
                  00811e60    000000c0                     : _io_perm.obj (.text:_rd_ok)
                  00811f20    000000c0                     : exit.obj (.text:exit)
                  00811fe0    000000c0     sysbios.ae66 : BIOS.obj (.text:ti_sysbios_BIOS_errorRaiseHook__I)
                  008120a0    000000c0                  : BIOS.obj (.text:ti_sysbios_heaps_HeapMem_getStats__E)
                  00812160    000000c0                  : BIOS.obj (.text:ti_sysbios_knl_Clock_logTick__E)
                  00812220    000000c0                  : BIOS.obj (.text:ti_sysbios_knl_Task_allBlockedFunction__I)
                  008122e0    000000c0                  : BIOS.obj (.text:ti_sysbios_timers_timer64_Timer_startup__E)
                  008123a0    000000c0                  : BIOS.obj (.text:ti_sysbios_utils_Load_taskSwitchHook__E)
                  00812460    000000c0     ti.uia.runtime.ae66 : LoggerProbePoint.oe66 (.text:ti_uia_runtime_LoggerProbePoint_Instance_init__F)
                  00812520    000000c0                         : LoggerProbePoint.oe66 (.text:ti_uia_runtime_LoggerProbePoint_Module_startup__F)
                  008125e0    000000c0                         : LoggerStopMode.oe66 (.text:ti_uia_runtime_LoggerStopMode_Instance_init__F)
                  008126a0    000000c0                         : LoggerStopMode.oe66 (.text:ti_uia_runtime_LoggerStopMode_Module_startup__F)
                  00812760    000000c0     ti.targets.rts6000.ae66 : LoggerBuf.oe66 (.text:xdc_runtime_LoggerBuf_Instance_init__F)
                  00812820    000000c0                             : System.oe66 (.text:xdc_runtime_System_formatNum__I)
                  008128e0    000000a0     rts6600_elf.lib : trgdrv.obj (.text:HOSTclose)
                  00812980    000000a0                     : round.obj (.text:__c6xabi_nround)
                  00812a20    000000a0                     : remu.obj (.text:__remu)
                  00812ac0    000000a0     boot.ae66 : boot.oe66 (.text:_c_int00)
                  00812b60    000000a0     rts6600_elf.lib : fopen.obj (.text:_cleanup)
                  00812c00    000000a0                     : _printfi.obj (.text:_ecpy)
                  00812ca0    000000a0                     : _printfi.obj (.text:_fcpy)
                  00812d40    000000a0                     : _printfi.obj (.text:_pconv_f)
                  00812de0    000000a0                     : lowlev.obj (.text:finddevice)
                  00812e80    000000a0                     : lowlev.obj (.text:lseek)
                  00812f20    000000a0                     : memcpy64.obj (.text:memcpy)
                  00812fc0    000000a0                     : modf.obj (.text:modf)
                  00813060    000000a0                     : lowlev.obj (.text:read)
                  00813100    000000a0     sysbios.ae66 : BIOS.obj (.text:ti_sysbios_family_c64p_Hwi_getStackInfo__E)
                  008131a0    000000a0                  : BIOS.obj (.text:ti_sysbios_heaps_HeapMem_init__I)
                  00813240    000000a0     Sys_BIOs_config_pe66.oe66 (.text:ti_sysbios_knl_Clock_Object__create__S)
                  008132e0    000000a0     sysbios.ae66 : BIOS.obj (.text:ti_sysbios_knl_Idle_run__E)
                  00813380    000000a0                  : BIOS.obj (.text:ti_sysbios_knl_Semaphore_pendTimeout__I)
                  00813420    000000a0                  : BIOS.obj (.text:ti_sysbios_knl_Task_processVitalTaskFlag__I)
                  008134c0    000000a0                  : BIOS.obj (.text:ti_sysbios_timers_timer64_Timer_stop__E)
                  00813560    000000a0     ti.uia.runtime.ae66 : LoggerProbePoint.oe66 (.text:ti_uia_runtime_LoggerProbePoint_readBlockOfMemory__I)
                  00813600    000000a0                         : LoggerStopMode.oe66 (.text:ti_uia_runtime_LoggerStopMode_readBlockOfMemory__I)
                  008136a0    000000a0     rts6600_elf.lib : lowlev.obj (.text:write)
                  00813740    000000a0     ti.targets.rts6000.ae66 : Assert.oe66 (.text:xdc_runtime_Assert_raise__I)
                  008137e0    000000a0                             : LoggerBuf.oe66 (.text:xdc_runtime_LoggerBuf_Module_startup__F)
                  00813880    000000a0                             : SysMin.oe66 (.text:xdc_runtime_SysMin_abort__F)
                  00813920    000000a0                             : SysMin.oe66 (.text:xdc_runtime_SysMin_flush__F)
                  008139c0    000000a0                             : SysMin.oe66 (.text:xdc_runtime_SysMin_putch__F)
                  00813a60    000000a0                             : Text.oe66 (.text:xdc_runtime_Text_xprintf__I)
                  00813b00    00000080     rts6600_elf.lib : llshift.obj (.text:__c6xabi_llshl)
                  00813b80    00000080     sysbios.ae66 : c62_TaskSupport_asm.obj (.text:_ti_sysbios_family_c62_TaskSupport_swap__E)
                  00813c00    00000080     Sys_BIOs_config_pe66.oe66 (.text:malloc)
                  00813c80    00000080     rts6600_elf.lib : trgmsg.obj (.text:readmsg)
                  00813d00    00000080     Sys_BIOs_config_pe66.oe66 (.text:ti_sysbios_BIOS_exitFunc__I)
                  00813d80    00000080     sysbios.ae66 : BIOS.obj (.text:ti_sysbios_BIOS_registerRTSLock__I)
                  00813e00    00000080     Sys_BIOs_config_pe66.oe66 (.text:ti_sysbios_gates_GateHwi_Object__create__S)
                  00813e80    00000080     Sys_BIOs_config_pe66.oe66 (.text:ti_sysbios_gates_GateMutex_Object__create__S)
                  00813f00    00000080     sysbios.ae66 : BIOS.obj (.text:ti_sysbios_hal_Hwi_checkStack:ti_sysbios_hal_Hwi_checkStack)
                  00813f80    00000080                  : BIOS.obj (.text:ti_sysbios_hal_Hwi_initStack:ti_sysbios_hal_Hwi_initStack)
                  00814000    00000080     Sys_BIOs_config_pe66.oe66 (.text:ti_sysbios_heaps_HeapMem_Object__create__S)
                  00814080    00000080     sysbios.ae66 : BIOS.obj (.text:ti_sysbios_knl_Clock_Module_startup__F)
                  00814100    00000080     Sys_BIOs_config_pe66.oe66 (.text:ti_sysbios_knl_Clock_doTick__I)
                  00814180    00000080     sysbios.ae66 : BIOS.obj (.text:ti_sysbios_knl_Clock_getTicks__E)
                  00814200    00000080     Sys_BIOs_config_pe66.oe66 (.text:ti_sysbios_knl_Queue_Object__create__S)
                  00814280    00000080     Sys_BIOs_config_pe66.oe66 (.text:ti_sysbios_knl_Semaphore_Object__create__S)
                  00814300    00000080     sysbios.ae66 : BIOS.obj (.text:ti_sysbios_knl_Swi_startup__E)
                  00814380    00000080                  : BIOS.obj (.text:ti_sysbios_knl_Task_restore__E)
                  00814400    00000080                  : BIOS.obj (.text:ti_sysbios_timers_timer64_Timer_getCount__E)
                  00814480    00000080                  : BIOS.obj (.text:ti_sysbios_timers_timer64_Timer_getPeriod__E)
                  00814500    00000080     ti.uia.runtime.ae66 : LoggerProbePoint.oe66 (.text:ti_uia_runtime_LoggerProbePoint_disable__E)
                  00814580    00000080                         : LoggerProbePoint.oe66 (.text:ti_uia_runtime_LoggerProbePoint_enable__E)
                  00814600    00000080                         : LoggerProbePoint.oe66 (.text:ti_uia_runtime_LoggerProbePoint_filterOutEvent__I)
                  00814680    00000080                         : LoggerProbePoint.oe66 (.text:ti_uia_runtime_LoggerProbePoint_reset__F)
                  00814700    00000080                         : LoggerStopMode.oe66 (.text:ti_uia_runtime_LoggerStopMode_disable__E)
                  00814780    00000080                         : LoggerStopMode.oe66 (.text:ti_uia_runtime_LoggerStopMode_enable__E)
                  00814800    00000080                         : LoggerStopMode.oe66 (.text:ti_uia_runtime_LoggerStopMode_filterOutEvent__I)
                  00814880    00000080                         : LoggerStopMode.oe66 (.text:ti_uia_runtime_LoggerStopMode_reset__F)
                  00814900    00000080     rts6600_elf.lib : lowlev.obj (.text:unlink)
                  00814980    00000080     ti.targets.rts6000.ae66 : Core-label.oe66 (.text:xdc_runtime_Core_assignLabel__I)
                  00814a00    00000080                             : Core-params.oe66 (.text:xdc_runtime_Core_assignParams__I)
                  00814a80    00000080                             : LoggerBuf.oe66 (.text:xdc_runtime_LoggerBuf_filterOutEvent__I)
                  00814b00    00000080     Sys_BIOs_config_pe66.oe66 (.text:xdc_runtime_SysMin_output__I)
                  00814b80    00000080     ti.targets.rts6000.ae66 : System.oe66 (.text:xdc_runtime_System_atexit__F)
                  00814c00    00000080                             : System.oe66 (.text:xdc_runtime_System_putchar__I)
                  00814c80    00000080                             : System.oe66 (.text:xdc_runtime_System_rtsExit__I)
                  00814d00    00000080                             : Text.oe66 (.text:xdc_runtime_Text_printVisFxn__I)
                  00814d80    00000060     rts6600_elf.lib : frcmpyd_div.obj (.text:__c6xabi_frcmpyd_div)
                  00814de0    00000060                     : llshift.obj (.text:__c6xabi_llshru)
                  00814e40    00000060                     : imath64.obj (.text:_subcull)
                  00814ea0    00000060                     : fclose.obj (.text:fclose)
                  00814f00    00000060                     : fopen.obj (.text:fopen)
                  00814f60    00000060                     : memccpy.obj (.text:memccpy)
                  00814fc0    00000060                     : lowlev.obj (.text:tabinit)
                  00815020    00000060     sysbios.ae66 : BIOS.obj (.text:ti_sysbios_BIOS_rtsLock__I)
                  00815080    00000060                  : BIOS.obj (.text:ti_sysbios_family_c62_TaskSupport_start__E)
                  008150e0    00000060                  : BIOS.obj (.text:ti_sysbios_gates_GateMutex_Instance_init__F)
                  00815140    00000060     Sys_BIOs_config_pe66.oe66 (.text:ti_sysbios_gates_GateMutex_Object__delete__S)
                  008151a0    00000060     sysbios.ae66 : BIOS.obj (.text:ti_sysbios_knl_Swi_Module_startup__F)
                  00815200    00000060                  : BIOS.obj (.text:ti_sysbios_knl_Task_enter__I)
                  00815260    00000060                  : BIOS.obj (.text:ti_sysbios_knl_Task_sleepTimeout__I)
                  008152c0    00000060     ti.uia.runtime.ae66 : LogSync.oe66 (.text:ti_uia_runtime_LogSync_Module_startup__F)
                  00815320    00000060                         : LoggerProbePoint.oe66 (.text:ti_uia_runtime_LoggerProbePoint_Instance_finalize__F)
                  00815380    00000060     Sys_BIOs_config_pe66.oe66 (.text:ti_uia_runtime_LoggerProbePoint_Object__delete__S)
                  008153e0    00000060     ti.uia.runtime.ae66 : LoggerStopMode.oe66 (.text:ti_uia_runtime_LoggerStopMode_Instance_finalize__F)
                  00815440    00000060     Sys_BIOs_config_pe66.oe66 (.text:ti_uia_runtime_LoggerStopMode_Object__delete__S)
                  008154a0    00000060     rts6600_elf.lib : trgmsg.obj (.text:writemsg)
                  00815500    00000060     Sys_BIOs_config_pe66.oe66 (.text:xdc_runtime_LoggerBuf_Object__delete__S)
                  00815560    00000060     ti.targets.rts6000.ae66 : Memory.oe66 (.text:xdc_runtime_Memory_calloc__F)
                  008155c0    00000060                             : SysMin.oe66 (.text:xdc_runtime_SysMin_Module_startup__F)
                  00815620    00000060                             : SysMin.oe66 (.text:xdc_runtime_SysMin_exit__F)
                  00815680    00000060                             : System.oe66 (.text:xdc_runtime_System_avprintf__F)
                  008156e0    00000060                             : System.oe66 (.text:xdc_runtime_System_vprintf__F)
                  00815740    00000060                             : Text.oe66 (.text:xdc_runtime_Text_cordText__F)
                  008157a0    00000040     rts6600_elf.lib : isinf.obj (.text:__c6xabi_isinf)
                  008157e0    00000040                     : _printfi.obj (.text:__c6xabi_isnan)
                  00815820    00000040                     : args_main.obj (.text:_args_main)
                  00815860    00000040     sysbios.ae66 : c62_TaskSupport_asm.obj (.text:_ti_sysbios_family_c62_TaskSupport_buildTaskStack)
                  008158a0    00000040                  : c64p_Hwi_asm_switch.obj (.text:_ti_sysbios_family_xxx_Hwi_switchToIsrStack)
                  008158e0    00000040     Sys_BIOs_config_pe66.oe66 (.text:free)
                  00815920    00000040     Sys_BIOs_config_pe66.oe66 (.text:ti_sysbios_BIOS_startFunc__I)
                  00815960    00000040     Sys_BIOs_config_pe66.oe66 (.text:ti_sysbios_family_c64p_Hwi_Module__startupDone__F)
                  008159a0    00000040     sysbios.ae66 : BIOS.obj (.text:ti_sysbios_family_c64p_Hwi_disableInterrupt__E)
                  008159e0    00000040                  : BIOS.obj (.text:ti_sysbios_family_c64p_Hwi_enableInterrupt__E)
                  00815a20    00000040     Sys_BIOs_config_pe66.oe66 (.text:ti_sysbios_gates_GateHwi_Handle__label__S)
                  00815a60    00000040     Sys_BIOs_config_pe66.oe66 (.text:ti_sysbios_gates_GateHwi_Object__delete__S)
                  00815aa0    00000040     Sys_BIOs_config_pe66.oe66 (.text:ti_sysbios_gates_GateMutex_Handle__label__S)
                  00815ae0    00000040     sysbios.ae66 : BIOS.obj (.text:ti_sysbios_gates_GateMutex_leave__E)
                  00815b20    00000040     Sys_BIOs_config_pe66.oe66 (.text:ti_sysbios_hal_Timer_Module__startupDone__F)
                  00815b60    00000040     Sys_BIOs_config_pe66.oe66 (.text:ti_sysbios_heaps_HeapMem_Handle__label__S)
                  00815ba0    00000040     Sys_BIOs_config_pe66.oe66 (.text:ti_sysbios_heaps_HeapMem_Object__delete__S)
                  00815be0    00000040     Sys_BIOs_config_pe66.oe66 (.text:ti_sysbios_heaps_HeapMem_Object__get__S)
                  00815c20    00000040     Sys_BIOs_config_pe66.oe66 (.text:ti_sysbios_knl_Semaphore_Object__destruct__S)
                  00815c60    00000040     Sys_BIOs_config_pe66.oe66 (.text:ti_sysbios_knl_Swi_Object__get__S)
                  00815ca0    00000040     Sys_BIOs_config_pe66.oe66 (.text:ti_sysbios_knl_Task_Object__get__S)
                  00815ce0    00000040     Sys_BIOs_config_pe66.oe66 (.text:ti_sysbios_timers_timer64_Timer_Module__startupDone__F)
                  00815d20    00000040     Sys_BIOs_config_pe66.oe66 (.text:ti_uia_family_c66_TimestampC66XGlobal_Module__startupDone__F)
                  00815d60    00000040     Sys_BIOs_config_pe66.oe66 (.text:ti_uia_runtime_LoggerProbePoint_Handle__label__S)
                  00815da0    00000040     Sys_BIOs_config_pe66.oe66 (.text:ti_uia_runtime_LoggerProbePoint_Object__get__S)
                  00815de0    00000040     Sys_BIOs_config_pe66.oe66 (.text:ti_uia_runtime_LoggerStopMode_Handle__label__S)
                  00815e20    00000040     Sys_BIOs_config_pe66.oe66 (.text:ti_uia_runtime_LoggerStopMode_Object__get__S)
                  00815e60    00000040     ti.uia.runtime.ae66 : LoggerStopMode.oe66 (.text:ti_uia_runtime_LoggerStopMode_write0__E)
                  00815ea0    00000040                         : LoggerStopMode.oe66 (.text:ti_uia_runtime_LoggerStopMode_write1__E)
                  00815ee0    00000040                         : LoggerStopMode.oe66 (.text:ti_uia_runtime_LoggerStopMode_write2__E)
                  00815f20    00000040                         : QueueDescriptor.oe66 (.text:ti_uia_runtime_QueueDescriptor_initHeader__E)
                  00815f60    00000040     ti.targets.rts6000.ae66 : Error.oe66 (.text:xdc_runtime_Error_check__F)
                  00815fa0    00000040                             : Error.oe66 (.text:xdc_runtime_Error_init__F)
                  00815fe0    00000040                             : Gate.oe66 (.text:xdc_runtime_Gate_leaveSystem__F)
                  00816020    00000040     Sys_BIOs_config_pe66.oe66 (.text:xdc_runtime_LoggerBuf_Handle__label__S)
                  00816060    00000040     ti.targets.rts6000.ae66 : LoggerBuf.oe66 (.text:xdc_runtime_LoggerBuf_Instance_finalize__F)
                  008160a0    00000040     Sys_BIOs_config_pe66.oe66 (.text:xdc_runtime_LoggerBuf_Object__get__S)
                  008160e0    00000040     ti.targets.rts6000.ae66 : LoggerBuf.oe66 (.text:xdc_runtime_LoggerBuf_write0__F)
                  00816120    00000040                             : LoggerBuf.oe66 (.text:xdc_runtime_LoggerBuf_write1__F)
                  00816160    00000040                             : LoggerBuf.oe66 (.text:xdc_runtime_LoggerBuf_write2__F)
                  008161a0    00000040                             : Memory.oe66 (.text:xdc_runtime_Memory_free__F)
                  008161e0    00000040                             : Registry.oe66 (.text:xdc_runtime_Registry_findById__F)
                  00816220    00000040                             : System.oe66 (.text:xdc_runtime_System_abort__F)
                  00816260    00000040     Sys_BIOs_config_pe66.oe66 (.text:xdc_runtime_System_aprintf__E)
                  008162a0    00000040     Sys_BIOs_config_pe66.oe66 (.text:xdc_runtime_System_printf__E)
                  008162e0    00000040     ti.targets.rts6000.ae66 : Text.oe66 (.text:xdc_runtime_Text_ropeText__F)
                  00816320    00000020     rts6600_elf.lib : errno.obj (.text:__c6xabi_errno_addr)
                  00816340    00000020                     : negll.obj (.text:__c6xabi_negll)
                  00816360    00000020                     : trunc.obj (.text:__c6xabi_trunc)
                  00816380    00000020                     : dtor_list.obj (.text:__cxa_atexit)
                  008163a0    00000020                     : dtor_list.obj (.text:__cxa_ia64_exit)
                  008163c0    00000020     ti.targets.rts6000.ae66 : xdc_noinit.oe66 (.text:__xdc__init)
                  008163e0    00000020     rts6600_elf.lib : _lock.obj (.text:_nop)
                  00816400    00000020                     : printf.obj (.text:_outc)
                  00816420    00000020                     : printf.obj (.text:_outs)
                  00816440    00000020                     : _lock.obj (.text:_register_lock)
                  00816460    00000020                     : _lock.obj (.text:_register_unlock)
                  00816480    00000020     sysbios.ae66 : c62_TaskSupport_asm.obj (.text:_ti_sysbios_family_c62_TaskSupport_glue)
                  008164a0    00000020                  : c64p_Hwi_asm_switch.obj (.text:_ti_sysbios_family_xxx_Hwi_switchToTaskStack)
                  008164c0    00000020     rts6600_elf.lib : exit.obj (.text:abort)
                  008164e0    00000020                     : dtor_list.obj (.text:atexit)
                  00816500    00000020                     : copy_decompress_none.obj (.text:decompress:none:__TI_decompress_none)
                  00816520    00000020                     : copy_decompress_rle.obj (.text:decompress:rle24:__TI_decompress_rle24)
                  00816540    00000020     Sys_BIOs_config_pe66.oe66 (.text:ti_sysbios_BIOS_RtsGateProxy_enter__E)
                  00816560    00000020     Sys_BIOs_config_pe66.oe66 (.text:ti_sysbios_BIOS_RtsGateProxy_leave__E)
                  00816580    00000020     sysbios.ae66 : BIOS.obj (.text:ti_sysbios_BIOS_getCpuFreq__E)
                  008165a0    00000020                  : BIOS.obj (.text:ti_sysbios_BIOS_nullFunc__I)
                  008165c0    00000020                  : BIOS.obj (.text:ti_sysbios_BIOS_setThreadType__E)
                  008165e0    00000020                  : BIOS.obj (.text:ti_sysbios_BIOS_start__E)
                  00816600    00000020     Sys_BIOs_config_pe66.oe66 (.text:ti_sysbios_family_c62_TaskSupport_Module__startupDone__S)
                  00816620    00000020     sysbios.ae66 : BIOS.obj (.text:ti_sysbios_family_c62_TaskSupport_checkStack__E)
                  00816640    00000020                  : BIOS.obj (.text:ti_sysbios_family_c64p_Hwi_clearInterrupt__E)
                  00816660    00000020                  : BIOS.obj (.text:ti_sysbios_family_c64p_Hwi_startup__E)
                  00816680    00000020                  : BIOS.obj (.text:ti_sysbios_family_c64p_Hwi_switchFromBootStack__E)
                  008166a0    00000020                  : BIOS.obj (.text:ti_sysbios_family_c64p_TimestampProvider_Module_startup__F)
                  008166c0    00000020                  : BIOS.obj (.text:ti_sysbios_family_c64p_TimestampProvider_get32__E)
                  008166e0    00000020                  : BIOS.obj (.text:ti_sysbios_family_c64p_TimestampProvider_get64__E)
                  00816700    00000020                  : BIOS.obj (.text:ti_sysbios_family_c64p_tci6488_TimerSupport_enable__E)
                  00816720    00000020                  : BIOS.obj (.text:ti_sysbios_gates_GateHwi_Instance_init__F)
                  00816740    00000020                  : BIOS.obj (.text:ti_sysbios_gates_GateHwi_enter__E)
                  00816760    00000020                  : BIOS.obj (.text:ti_sysbios_gates_GateHwi_leave__E)
                  00816780    00000020                  : BIOS.obj (.text:ti_sysbios_gates_GateHwi_query__F)
                  008167a0    00000020                  : BIOS.obj (.text:ti_sysbios_gates_GateMutex_Instance_finalize__F)
                  008167c0    00000020                  : BIOS.obj (.text:ti_sysbios_gates_GateMutex_query__F)
                  008167e0    00000020     Sys_BIOs_config_pe66.oe66 (.text:ti_sysbios_hal_Hwi_HwiProxy_Module__startupDone__S)
                  00816800    00000020     sysbios.ae66 : BIOS.obj (.text:ti_sysbios_hal_Hwi_Module_startup__F)
                  00816820    00000020                  : BIOS.obj (.text:ti_sysbios_hal_Timer_Module_startup__F)
                  00816840    00000020     Sys_BIOs_config_pe66.oe66 (.text:ti_sysbios_hal_Timer_TimerProxy_Module__startupDone__S)
                  00816860    00000020     Sys_BIOs_config_pe66.oe66 (.text:ti_sysbios_hal_Timer_TimerProxy_getExpiredCounts__E)
                  00816880    00000020     Sys_BIOs_config_pe66.oe66 (.text:ti_sysbios_hal_Timer_TimerProxy_getPeriod__E)
                  008168a0    00000020     Sys_BIOs_config_pe66.oe66 (.text:ti_sysbios_hal_Timer_TimerProxy_setNextTick__E)
                  008168c0    00000020     Sys_BIOs_config_pe66.oe66 (.text:ti_sysbios_heaps_HeapMem_Module_GateProxy_enter__E)
                  008168e0    00000020     Sys_BIOs_config_pe66.oe66 (.text:ti_sysbios_heaps_HeapMem_Module_GateProxy_leave__E)
                  00816900    00000020     sysbios.ae66 : BIOS.obj (.text:ti_sysbios_heaps_HeapMem_isBlocking__E)
                  00816920    00000020     Sys_BIOs_config_pe66.oe66 (.text:ti_sysbios_knl_Clock_Params__init__S)
                  00816940    00000020     sysbios.ae66 : BIOS.obj (.text:ti_sysbios_knl_Idle_loop__E)
                  00816960    00000020                  : BIOS.obj (.text:ti_sysbios_knl_Queue_Instance_init__F)
                  00816980    00000020     Sys_BIOs_config_pe66.oe66 (.text:ti_sysbios_knl_Queue_Object__destruct__S)
                  008169a0    00000020     Sys_BIOs_config_pe66.oe66 (.text:ti_sysbios_knl_Queue_Object__get__S)
                  008169c0    00000020     sysbios.ae66 : BIOS.obj (.text:ti_sysbios_knl_Queue_empty__E)
                  008169e0    00000020                  : BIOS.obj (.text:ti_sysbios_knl_Semaphore_Instance_finalize__F)
                  00816a00    00000020                  : BIOS.obj (.text:ti_sysbios_knl_Swi_disable__E)
                  00816a20    00000020     Sys_BIOs_config_pe66.oe66 (.text:ti_sysbios_knl_Task_Object__first__S)
                  00816a40    00000020     Sys_BIOs_config_pe66.oe66 (.text:ti_sysbios_knl_Task_Object__next__S)
                  00816a60    00000020     Sys_BIOs_config_pe66.oe66 (.text:ti_sysbios_knl_Task_SupportProxy_Module__startupDone__S)
                  00816a80    00000020     sysbios.ae66 : BIOS.obj (.text:ti_sysbios_knl_Task_disable__E)
                  00816aa0    00000020                  : BIOS.obj (.text:ti_sysbios_knl_Task_startup__E)
                  00816ac0    00000020                  : BIOS.obj (.text:ti_sysbios_timers_timer64_Timer_setNextTick__E)
                  00816ae0    00000020                  : BIOS.obj (.text:ti_sysbios_utils_Load_taskRegHook__E)
                  00816b00    00000020     ti.uia.family.c66.ae66 : TimestampC66XGlobal.oe66 (.text:ti_uia_family_c66_TimestampC66XGlobal_Module_startup__F)
                  00816b20    00000020     Sys_BIOs_config_pe66.oe66 (.text:ti_uia_runtime_LogSync_CpuTimestampProxy_Module__startupDone__S)
                  00816b40    00000020     Sys_BIOs_config_pe66.oe66 (.text:ti_uia_runtime_LogSync_GlobalTimestampProxy_Module__startupDone__S)
                  00816b60    00000020     ti.uia.runtime.ae66 : LoggerProbePoint.oe66 (.text:ti_uia_runtime_LoggerProbePoint_getFreeSize__E)
                  00816b80    00000020                         : LoggerProbePoint.oe66 (.text:ti_uia_runtime_LoggerProbePoint_getInstanceId__E)
                  00816ba0    00000020                         : LoggerProbePoint.oe66 (.text:ti_uia_runtime_LoggerProbePoint_getMaxLength__E)
                  00816bc0    00000020                         : LoggerProbePoint.oe66 (.text:ti_uia_runtime_LoggerProbePoint_getPriority__E)
                  00816be0    00000020                         : LoggerProbePoint.oe66 (.text:ti_uia_runtime_LoggerProbePoint_getTransferType__F)
                  00816c00    00000020                         : LoggerProbePoint.oe66 (.text:ti_uia_runtime_LoggerProbePoint_getUnreadSize__E)
                  00816c20    00000020                         : LoggerProbePoint.oe66 (.text:ti_uia_runtime_LoggerProbePoint_isEmpty__E)
                  00816c40    00000020                         : LoggerProbePoint.oe66 (.text:ti_uia_runtime_LoggerProbePoint_setPriority__E)
                  00816c60    00000020                         : LoggerStopMode.oe66 (.text:ti_uia_runtime_LoggerStopMode_getFreeSize__E)
                  00816c80    00000020                         : LoggerStopMode.oe66 (.text:ti_uia_runtime_LoggerStopMode_getInstanceId__E)
                  00816ca0    00000020                         : LoggerStopMode.oe66 (.text:ti_uia_runtime_LoggerStopMode_getMaxLength__E)
                  00816cc0    00000020                         : LoggerStopMode.oe66 (.text:ti_uia_runtime_LoggerStopMode_getPriority__E)
                  00816ce0    00000020                         : LoggerStopMode.oe66 (.text:ti_uia_runtime_LoggerStopMode_getTransferType__F)
                  00816d00    00000020                         : LoggerStopMode.oe66 (.text:ti_uia_runtime_LoggerStopMode_getUnreadSize__E)
                  00816d20    00000020                         : LoggerStopMode.oe66 (.text:ti_uia_runtime_LoggerStopMode_isEmpty__E)
                  00816d40    00000020                         : LoggerStopMode.oe66 (.text:ti_uia_runtime_LoggerStopMode_setPriority__E)
                  00816d60    00000020     ti.targets.rts6000.ae66 : Gate.oe66 (.text:xdc_runtime_Gate_enterSystem__F)
                  00816d80    00000020     Sys_BIOs_config_pe66.oe66 (.text:xdc_runtime_IHeap_alloc)
                  00816da0    00000020     Sys_BIOs_config_pe66.oe66 (.text:xdc_runtime_IHeap_free)
                  00816dc0    00000020     Sys_BIOs_config_pe66.oe66 (.text:xdc_runtime_LoggerBuf_Module_GateProxy_enter__E)
                  00816de0    00000020     Sys_BIOs_config_pe66.oe66 (.text:xdc_runtime_LoggerBuf_Module_GateProxy_leave__E)
                  00816e00    00000020     ti.targets.rts6000.ae66 : LoggerBuf.oe66 (.text:xdc_runtime_LoggerBuf_disable__F)
                  00816e20    00000020                             : LoggerBuf.oe66 (.text:xdc_runtime_LoggerBuf_enable__F)
                  00816e40    00000020     Sys_BIOs_config_pe66.oe66 (.text:xdc_runtime_Memory_HeapProxy_alloc__E)
                  00816e60    00000020     Sys_BIOs_config_pe66.oe66 (.text:xdc_runtime_Memory_HeapProxy_free__E)
                  00816e80    00000020     Sys_BIOs_config_pe66.oe66 (.text:xdc_runtime_Startup_exec__I)
                  00816ea0    00000020     Sys_BIOs_config_pe66.oe66 (.text:xdc_runtime_Startup_reset__I)
                  00816ec0    00000020     ti.targets.rts6000.ae66 : SysMin.oe66 (.text:xdc_runtime_SysMin_ready__F)
                  00816ee0    00000020     Sys_BIOs_config_pe66.oe66 (.text:xdc_runtime_System_Module_GateProxy_enter__E)
                  00816f00    00000020     Sys_BIOs_config_pe66.oe66 (.text:xdc_runtime_System_Module_GateProxy_leave__E)
                  00816f20    00000020     ti.targets.rts6000.ae66 : System.oe66 (.text:xdc_runtime_System_Module_startup__F)
                  00816f40    00000020                             : System.oe66 (.text:xdc_runtime_System_exit__F)
                  00816f60    00000020                             : System.oe66 (.text:xdc_runtime_System_lastFxn__I)
                  00816f80    00000020                             : System.oe66 (.text:xdc_runtime_System_vsnprintf__F)
                  00816fa0    00000020     Sys_BIOs_config_pe66.oe66 (.text:xdc_runtime_Text_visitRope__I)
                  00816fc0    00000020     Sys_BIOs_config_pe66.oe66 (.text:xdc_runtime_Timestamp_Module__startupDone__S)

.far       0    00816fe0    00004458     UNINITIALIZED
                  00816fe0    00002610     Sys_BIOs_config_pe66.oe66 (.far)
                  008195f0    00001000     Sys_BIOs_config_pe66.oe66 (.far:taskStackSection)
                  0081a5f0    00000ce0     main_gtz.obj (.far)
                  0081b2d0    00000140     rts6600_elf.lib : defs.obj (.far)
                  0081b410    00000020     util.obj (.far)
                  0081b430    00000008     rts6600_elf.lib : trgdrv.obj (.far)

.fardata.1 
*          0    0081b438    00000008     
                  0081b438    00000008     rts6600_elf.lib : _lock.obj (.fardata)

.const     0    0081b440    00003824     
                  0081b440    000021ab     Sys_BIOs_config_pe66.oe66 (.const:xdc_runtime_Text_charTab__A)
                  0081d5eb    00000683     sysbios.ae66 : BIOS.obj (.const:.string)
                  0081dc6e    00000002     Sys_BIOs_config_pe66.oe66 (.const:ti_sysbios_BIOS_Module__id__C)
                  0081dc70    00000400     Sys_BIOs_config_pe66.oe66 (.const:ti_sysbios_family_c66_Cache_marvalues__C)
                  0081e070    00000128     Sys_BIOs_config_pe66.oe66 (.const:xdc_runtime_Text_nodeTab__A)
                  0081e198    00000101     rts6600_elf.lib : ctype.obj (.const:.string:_ctypes_)
                  0081e299    00000001     --HOLE-- [fill = 0]
                  0081e29a    00000002     Sys_BIOs_config_pe66.oe66 (.const:ti_sysbios_family_c64p_Exception_Module__id__C)
                  0081e29c    00000060     Sys_BIOs_config_pe66.oe66 (.const:ti_uia_runtime_LoggerProbePoint_Module__FXNS__C)
                  0081e2fc    00000060     Sys_BIOs_config_pe66.oe66 (.const:ti_uia_runtime_LoggerStopMode_Module__FXNS__C)
                  0081e35c    0000005c     util.obj (.const:.string)
                  0081e3b8    00000058     ti.targets.rts6000.ae66 : Error.oe66 (.const:.string)
                  0081e410    00000047     Sys_BIOs_config_pe66.oe66 (.const:.string)
                  0081e457    00000001     --HOLE-- [fill = 0]
                  0081e458    00000044     Sys_BIOs_config_pe66.oe66 (.const:xdc_runtime_Startup_sfxnTab__A)
                  0081e49c    00000040     ti.targets.rts6000.ae66 : Text.oe66 (.const:.string)
                  0081e4dc    0000003c     main_gtz.obj (.const:.string)
                  0081e518    0000003c     Sys_BIOs_config_pe66.oe66 (.const:xdc_runtime_LoggerBuf_Module__FXNS__C)
                  0081e554    00000034     Sys_BIOs_config_pe66.oe66 (.const:ti_uia_runtime_LoggerProbePoint_Object__PARAMS__C)
                  0081e588    00000034     Sys_BIOs_config_pe66.oe66 (.const:ti_uia_runtime_LoggerStopMode_Object__PARAMS__C)
                  0081e5bc    00000004     ti.targets.rts6000.ae66 : Assert.oe66 (.const:.string)
                  0081e5c0    00000030     Sys_BIOs_config_pe66.oe66 (.const:ti_sysbios_knl_Task_hooks__A)
                  0081e5f0    0000002c     ti.targets.rts6000.ae66 : Startup.oe66 (.const:.string)
                  0081e61c    00000028     Sys_BIOs_config_pe66.oe66 (.const:ti_sysbios_heaps_HeapMem_Module__FXNS__C)
                  0081e644    00000028     Sys_BIOs_config_pe66.oe66 (.const:xdc_runtime_LoggerBuf_Object__PARAMS__C)
                  0081e66c    00000024     Sys_BIOs_config_pe66.oe66 (.const:ti_sysbios_gates_GateHwi_Module__FXNS__C)
                  0081e690    00000024     Sys_BIOs_config_pe66.oe66 (.const:ti_sysbios_gates_GateMutex_Module__FXNS__C)
                  0081e6b4    00000024     Sys_BIOs_config_pe66.oe66 (.const:ti_sysbios_heaps_HeapMem_Object__PARAMS__C)
                  0081e6d8    00000024     Sys_BIOs_config_pe66.oe66 (.const:ti_sysbios_knl_Clock_Object__PARAMS__C)
                  0081e6fc    00000024     Sys_BIOs_config_pe66.oe66 (.const:ti_sysbios_knl_Semaphore_Object__PARAMS__C)
                  0081e720    00000023     rts6600_elf.lib : _printfi.obj (.const:.string)
                  0081e743    00000001     --HOLE-- [fill = 0]
                  0081e744    00000004     Sys_BIOs_config_pe66.oe66 (.const:ti_sysbios_BIOS_Module__diagsEnabled__C)
                  0081e748    00000022     Sys_BIOs_config_pe66.oe66 (.const:xdc_runtime_Startup_sfxnRts__A)
                  0081e76a    00000002     Sys_BIOs_config_pe66.oe66 (.const:ti_sysbios_family_c64p_Exception_enableExternalMPC__C)
                  0081e76c    00000020     Sys_BIOs_config_pe66.oe66 (.const:ti_sysbios_gates_GateHwi_Object__DESC__C)
                  0081e78c    00000020     Sys_BIOs_config_pe66.oe66 (.const:ti_sysbios_gates_GateMutex_Object__DESC__C)
                  0081e7ac    00000020     Sys_BIOs_config_pe66.oe66 (.const:ti_sysbios_heaps_HeapMem_Object__DESC__C)
                  0081e7cc    00000020     Sys_BIOs_config_pe66.oe66 (.const:ti_sysbios_knl_Clock_Object__DESC__C)
                  0081e7ec    00000020     Sys_BIOs_config_pe66.oe66 (.const:ti_sysbios_knl_Queue_Object__DESC__C)
                  0081e80c    00000020     Sys_BIOs_config_pe66.oe66 (.const:ti_sysbios_knl_Semaphore_Object__DESC__C)
                  0081e82c    00000020     Sys_BIOs_config_pe66.oe66 (.const:ti_uia_runtime_LoggerProbePoint_Object__DESC__C)
                  0081e84c    00000020     Sys_BIOs_config_pe66.oe66 (.const:ti_uia_runtime_LoggerStopMode_Object__DESC__C)
                  0081e86c    00000020     Sys_BIOs_config_pe66.oe66 (.const:xdc_runtime_LoggerBuf_Object__DESC__C)
                  0081e88c    00000018     Sys_BIOs_config_pe66.oe66 (.const:ti_sysbios_gates_GateHwi_Object__PARAMS__C)
                  0081e8a4    00000018     Sys_BIOs_config_pe66.oe66 (.const:ti_sysbios_gates_GateMutex_Object__PARAMS__C)
                  0081e8bc    00000018     Sys_BIOs_config_pe66.oe66 (.const:ti_sysbios_knl_Queue_Object__PARAMS__C)
                  0081e8d4    0000000c     Sys_BIOs_config_pe66.oe66 (.const:ti_sysbios_family_c66_Cache_initSize__C)
                  0081e8e0    00000011     ti.targets.rts6000.ae66 : System.oe66 (.const:digtohex)
                  0081e8f1    00000001     --HOLE-- [fill = 0]
                  0081e8f2    00000002     Sys_BIOs_config_pe66.oe66 (.const:ti_sysbios_family_c64p_Exception_enablePrint__C)
                  0081e8f4    00000004     Sys_BIOs_config_pe66.oe66 (.const:ti_sysbios_BIOS_Module__diagsIncluded__C)
                  0081e8f8    00000010     util.obj (.const:$P$T0$1)
                  0081e908    00000010     util.obj (.const:$P$T1$2)
                  0081e918    00000010     util.obj (.const:$P$T2$3)
                  0081e928    00000010     util.obj (.const:$P$T3$4)
                  0081e938    00000008     ti.targets.rts6000.ae66 : System.oe66 (.const:.string)
                  0081e940    00000008     Sys_BIOs_config_pe66.oe66 (.const:ti_sysbios_knl_Idle_coreList__A)
                  0081e948    00000008     Sys_BIOs_config_pe66.oe66 (.const:ti_sysbios_knl_Idle_coreList__C)
                  0081e950    00000008     Sys_BIOs_config_pe66.oe66 (.const:ti_sysbios_knl_Idle_funcList__A)
                  0081e958    00000008     Sys_BIOs_config_pe66.oe66 (.const:ti_sysbios_knl_Idle_funcList__C)
                  0081e960    00000008     Sys_BIOs_config_pe66.oe66 (.const:ti_sysbios_knl_Task_hooks__C)
                  0081e968    00000008     Sys_BIOs_config_pe66.oe66 (.const:xdc_runtime_Startup_firstFxns__A)
                  0081e970    00000008     Sys_BIOs_config_pe66.oe66 (.const:xdc_runtime_Startup_firstFxns__C)
                  0081e978    00000008     Sys_BIOs_config_pe66.oe66 (.const:xdc_runtime_Startup_lastFxns__C)
                  0081e980    00000004     Sys_BIOs_config_pe66.oe66 (.const:ti_sysbios_BIOS_Module__diagsMask__C)
                  0081e984    00000004     Sys_BIOs_config_pe66.oe66 (.const:ti_sysbios_BIOS_installedErrorHook__C)
                  0081e988    00000004     Sys_BIOs_config_pe66.oe66 (.const:ti_sysbios_family_c64p_Exception_E_exceptionMax__C)
                  0081e98c    00000004     Sys_BIOs_config_pe66.oe66 (.const:ti_sysbios_family_c64p_Exception_E_exceptionMin__C)
                  0081e990    00000004     Sys_BIOs_config_pe66.oe66 (.const:ti_sysbios_family_c64p_Exception_exceptionHook__C)
                  0081e994    00000004     Sys_BIOs_config_pe66.oe66 (.const:ti_sysbios_family_c64p_Exception_externalHook__C)
                  0081e998    00000004     Sys_BIOs_config_pe66.oe66 (.const:ti_sysbios_family_c64p_Exception_internalHook__C)
                  0081e99c    00000004     Sys_BIOs_config_pe66.oe66 (.const:ti_sysbios_family_c64p_Exception_nmiHook__C)
                  0081e9a0    00000004     Sys_BIOs_config_pe66.oe66 (.const:ti_sysbios_family_c64p_Hwi_LD_end__C)
                  0081e9a4    00000004     Sys_BIOs_config_pe66.oe66 (.const:ti_sysbios_family_c64p_Hwi_LM_begin__C)
                  0081e9a8    00000004     Sys_BIOs_config_pe66.oe66 (.const:ti_sysbios_family_c64p_Hwi_Module__diagsEnabled__C)
                  0081e9ac    00000004     Sys_BIOs_config_pe66.oe66 (.const:ti_sysbios_family_c64p_Hwi_Module__diagsIncluded__C)
                  0081e9b0    00000004     Sys_BIOs_config_pe66.oe66 (.const:ti_sysbios_family_c64p_Hwi_Module__diagsMask__C)
                  0081e9b4    00000004     Sys_BIOs_config_pe66.oe66 (.const:ti_sysbios_family_c64p_Hwi_Module__loggerFxn1__C)
                  0081e9b8    00000004     Sys_BIOs_config_pe66.oe66 (.const:ti_sysbios_family_c64p_Hwi_Module__loggerFxn8__C)
                  0081e9bc    00000004     Sys_BIOs_config_pe66.oe66 (.const:ti_sysbios_family_c64p_Hwi_Module__loggerObj__C)
                  0081e9c0    00000004     Sys_BIOs_config_pe66.oe66 (.const:ti_sysbios_gates_GateMutex_A_badContext__C)
                  0081e9c4    00000004     Sys_BIOs_config_pe66.oe66 (.const:ti_sysbios_gates_GateMutex_Instance_State_sem__O)
                  0081e9c8    00000004     Sys_BIOs_config_pe66.oe66 (.const:ti_sysbios_gates_GateMutex_Module__diagsEnabled__C)
                  0081e9cc    00000004     Sys_BIOs_config_pe66.oe66 (.const:ti_sysbios_gates_GateMutex_Module__diagsIncluded__C)
                  0081e9d0    00000004     Sys_BIOs_config_pe66.oe66 (.const:ti_sysbios_gates_GateMutex_Module__diagsMask__C)
                  0081e9d4    00000004     Sys_BIOs_config_pe66.oe66 (.const:ti_sysbios_hal_Hwi_E_stackOverflow__C)
                  0081e9d8    00000004     Sys_BIOs_config_pe66.oe66 (.const:ti_sysbios_heaps_HeapMem_A_align__C)
                  0081e9dc    00000004     Sys_BIOs_config_pe66.oe66 (.const:ti_sysbios_heaps_HeapMem_A_heapSize__C)
                  0081e9e0    00000004     Sys_BIOs_config_pe66.oe66 (.const:ti_sysbios_heaps_HeapMem_A_invalidFree__C)
                  0081e9e4    00000004     Sys_BIOs_config_pe66.oe66 (.const:ti_sysbios_heaps_HeapMem_A_zeroBlock__C)
                  0081e9e8    00000004     Sys_BIOs_config_pe66.oe66 (.const:ti_sysbios_heaps_HeapMem_E_memory__C)
                  0081e9ec    00000004     Sys_BIOs_config_pe66.oe66 (.const:ti_sysbios_heaps_HeapMem_Module__diagsEnabled__C)
                  0081e9f0    00000004     Sys_BIOs_config_pe66.oe66 (.const:ti_sysbios_heaps_HeapMem_Module__diagsIncluded__C)
                  0081e9f4    00000004     Sys_BIOs_config_pe66.oe66 (.const:ti_sysbios_heaps_HeapMem_Module__diagsMask__C)
                  0081e9f8    00000004     Sys_BIOs_config_pe66.oe66 (.const:ti_sysbios_heaps_HeapMem_Module__gateObj__C)
                  0081e9fc    00000004     Sys_BIOs_config_pe66.oe66 (.const:ti_sysbios_heaps_HeapMem_Object__count__C)
                  0081ea00    00000004     Sys_BIOs_config_pe66.oe66 (.const:ti_sysbios_heaps_HeapMem_reqAlign__C)
                  0081ea04    00000004     Sys_BIOs_config_pe66.oe66 (.const:ti_sysbios_knl_Clock_A_badThreadType__C)
                  0081ea08    00000004     Sys_BIOs_config_pe66.oe66 (.const:ti_sysbios_knl_Clock_LM_begin__C)
                  0081ea0c    00000004     Sys_BIOs_config_pe66.oe66 (.const:ti_sysbios_knl_Clock_LM_tick__C)
                  0081ea10    00000004     Sys_BIOs_config_pe66.oe66 (.const:ti_sysbios_knl_Clock_LW_delayed__C)
                  0081ea14    00000004     Sys_BIOs_config_pe66.oe66 (.const:ti_sysbios_knl_Clock_Module_State_clockQ__O)
                  0081ea18    00000004     Sys_BIOs_config_pe66.oe66 (.const:ti_sysbios_knl_Clock_Module__diagsEnabled__C)
                  0081ea1c    00000004     Sys_BIOs_config_pe66.oe66 (.const:ti_sysbios_knl_Clock_Module__diagsIncluded__C)
                  0081ea20    00000004     Sys_BIOs_config_pe66.oe66 (.const:ti_sysbios_knl_Clock_Module__diagsMask__C)
                  0081ea24    00000004     Sys_BIOs_config_pe66.oe66 (.const:ti_sysbios_knl_Clock_Module__loggerFxn1__C)
                  0081ea28    00000004     Sys_BIOs_config_pe66.oe66 (.const:ti_sysbios_knl_Clock_Module__loggerFxn2__C)
                  0081ea2c    00000004     Sys_BIOs_config_pe66.oe66 (.const:ti_sysbios_knl_Clock_Module__loggerObj__C)
                  0081ea30    00000004     Sys_BIOs_config_pe66.oe66 (.const:ti_sysbios_knl_Clock_tickMode__C)
                  0081ea34    00000004     Sys_BIOs_config_pe66.oe66 (.const:ti_sysbios_knl_Clock_tickSource__C)
                  0081ea38    00000004     Sys_BIOs_config_pe66.oe66 (.const:ti_sysbios_knl_Semaphore_A_badContext__C)
                  0081ea3c    00000004     Sys_BIOs_config_pe66.oe66 (.const:ti_sysbios_knl_Semaphore_A_noEvents__C)
                  0081ea40    00000004     Sys_BIOs_config_pe66.oe66 (.const:ti_sysbios_knl_Semaphore_A_overflow__C)
                  0081ea44    00000004     Sys_BIOs_config_pe66.oe66 (.const:ti_sysbios_knl_Semaphore_A_pendTaskDisabled__C)
                  0081ea48    00000004     Sys_BIOs_config_pe66.oe66 (.const:ti_sysbios_knl_Semaphore_Instance_State_pendQ__O)
                  0081ea4c    00000004     Sys_BIOs_config_pe66.oe66 (.const:ti_sysbios_knl_Semaphore_LM_pend__C)
                  0081ea50    00000004     Sys_BIOs_config_pe66.oe66 (.const:ti_sysbios_knl_Semaphore_LM_post__C)
                  0081ea54    00000004     Sys_BIOs_config_pe66.oe66 (.const:ti_sysbios_knl_Semaphore_Module__diagsEnabled__C)
                  0081ea58    00000004     Sys_BIOs_config_pe66.oe66 (.const:ti_sysbios_knl_Semaphore_Module__diagsIncluded__C)
                  0081ea5c    00000004     Sys_BIOs_config_pe66.oe66 (.const:ti_sysbios_knl_Semaphore_Module__diagsMask__C)
                  0081ea60    00000004     Sys_BIOs_config_pe66.oe66 (.const:ti_sysbios_knl_Semaphore_Module__loggerFxn2__C)
                  0081ea64    00000004     Sys_BIOs_config_pe66.oe66 (.const:ti_sysbios_knl_Semaphore_Module__loggerFxn4__C)
                  0081ea68    00000004     Sys_BIOs_config_pe66.oe66 (.const:ti_sysbios_knl_Semaphore_Module__loggerObj__C)
                  0081ea6c    00000004     Sys_BIOs_config_pe66.oe66 (.const:ti_sysbios_knl_Swi_LD_end__C)
                  0081ea70    00000004     Sys_BIOs_config_pe66.oe66 (.const:ti_sysbios_knl_Swi_LM_begin__C)
                  0081ea74    00000004     Sys_BIOs_config_pe66.oe66 (.const:ti_sysbios_knl_Swi_LM_post__C)
                  0081ea78    00000004     Sys_BIOs_config_pe66.oe66 (.const:ti_sysbios_knl_Swi_Module__diagsEnabled__C)
                  0081ea7c    00000004     Sys_BIOs_config_pe66.oe66 (.const:ti_sysbios_knl_Swi_Module__diagsIncluded__C)
                  0081ea80    00000004     Sys_BIOs_config_pe66.oe66 (.const:ti_sysbios_knl_Swi_Module__diagsMask__C)
                  0081ea84    00000004     Sys_BIOs_config_pe66.oe66 (.const:ti_sysbios_knl_Swi_Module__loggerFxn1__C)
                  0081ea88    00000004     Sys_BIOs_config_pe66.oe66 (.const:ti_sysbios_knl_Swi_Module__loggerFxn4__C)
                  0081ea8c    00000004     Sys_BIOs_config_pe66.oe66 (.const:ti_sysbios_knl_Swi_Module__loggerObj__C)
                  0081ea90    00000004     Sys_BIOs_config_pe66.oe66 (.const:ti_sysbios_knl_Swi_Object__count__C)
                  0081ea94    00000004     Sys_BIOs_config_pe66.oe66 (.const:ti_sysbios_knl_Task_A_badTimeout__C)
                  0081ea98    00000004     Sys_BIOs_config_pe66.oe66 (.const:ti_sysbios_knl_Task_A_sleepTaskDisabled__C)
                  0081ea9c    00000004     Sys_BIOs_config_pe66.oe66 (.const:ti_sysbios_knl_Task_E_spOutOfBounds__C)
                  0081eaa0    00000004     Sys_BIOs_config_pe66.oe66 (.const:ti_sysbios_knl_Task_E_stackOverflow__C)
                  0081eaa4    00000004     Sys_BIOs_config_pe66.oe66 (.const:ti_sysbios_knl_Task_LD_block__C)
                  0081eaa8    00000004     Sys_BIOs_config_pe66.oe66 (.const:ti_sysbios_knl_Task_LD_exit__C)
                  0081eaac    00000004     Sys_BIOs_config_pe66.oe66 (.const:ti_sysbios_knl_Task_LD_ready__C)
                  0081eab0    00000004     Sys_BIOs_config_pe66.oe66 (.const:ti_sysbios_knl_Task_LM_sleep__C)
                  0081eab4    00000004     Sys_BIOs_config_pe66.oe66 (.const:ti_sysbios_knl_Task_LM_switch__C)
                  0081eab8    00000004     Sys_BIOs_config_pe66.oe66 (.const:ti_sysbios_knl_Task_Module_State_inactiveQ__O)
                  0081eabc    00000004     Sys_BIOs_config_pe66.oe66 (.const:ti_sysbios_knl_Task_Module_State_terminatedQ__O)
                  0081eac0    00000004     Sys_BIOs_config_pe66.oe66 (.const:ti_sysbios_knl_Task_Module__diagsEnabled__C)
                  0081eac4    00000004     Sys_BIOs_config_pe66.oe66 (.const:ti_sysbios_knl_Task_Module__diagsIncluded__C)
                  0081eac8    00000004     Sys_BIOs_config_pe66.oe66 (.const:ti_sysbios_knl_Task_Module__diagsMask__C)
                  0081eacc    00000004     Sys_BIOs_config_pe66.oe66 (.const:ti_sysbios_knl_Task_Module__loggerFxn2__C)
                  0081ead0    00000004     Sys_BIOs_config_pe66.oe66 (.const:ti_sysbios_knl_Task_Module__loggerFxn4__C)
                  0081ead4    00000004     Sys_BIOs_config_pe66.oe66 (.const:ti_sysbios_knl_Task_Module__loggerObj__C)
                  0081ead8    00000004     Sys_BIOs_config_pe66.oe66 (.const:ti_sysbios_knl_Task_Object__count__C)
                  0081eadc    00000004     Sys_BIOs_config_pe66.oe66 (.const:ti_sysbios_knl_Task_Object__heap__C)
                  0081eae0    00000004     Sys_BIOs_config_pe66.oe66 (.const:ti_sysbios_knl_Task_allBlockedFunc__C)
                  0081eae4    00000004     Sys_BIOs_config_pe66.oe66 (.const:ti_sysbios_knl_Task_numConstructedTasks__C)
                  0081eae8    00000004     Sys_BIOs_config_pe66.oe66 (.const:ti_sysbios_timers_timer64_Timer_A_notAvailable__C)
                  0081eaec    00000004     Sys_BIOs_config_pe66.oe66 (.const:ti_sysbios_timers_timer64_Timer_E_cannotSupport__C)
                  0081eaf0    00000004     Sys_BIOs_config_pe66.oe66 (.const:ti_sysbios_timers_timer64_Timer_Module__diagsEnabled__C)
                  0081eaf4    00000004     Sys_BIOs_config_pe66.oe66 (.const:ti_sysbios_timers_timer64_Timer_Module__diagsIncluded__C)
                  0081eaf8    00000004     Sys_BIOs_config_pe66.oe66 (.const:ti_sysbios_timers_timer64_Timer_Module__diagsMask__C)
                  0081eafc    00000004     Sys_BIOs_config_pe66.oe66 (.const:ti_sysbios_timers_timer64_Timer_anyMask__C)
                  0081eb00    00000004     Sys_BIOs_config_pe66.oe66 (.const:ti_sysbios_timers_timer64_Timer_freqDivisor__C)
                  0081eb04    00000004     Sys_BIOs_config_pe66.oe66 (.const:ti_sysbios_timers_timer64_Timer_numLocalTimers__C)
                  0081eb08    00000004     Sys_BIOs_config_pe66.oe66 (.const:ti_sysbios_timers_timer64_Timer_numTimerDevices__C)
                  0081eb0c    00000004     Sys_BIOs_config_pe66.oe66 (.const:ti_sysbios_utils_Load_LS_cpuLoad__C)
                  0081eb10    00000004     Sys_BIOs_config_pe66.oe66 (.const:ti_sysbios_utils_Load_LS_hwiLoad__C)
                  0081eb14    00000004     Sys_BIOs_config_pe66.oe66 (.const:ti_sysbios_utils_Load_LS_swiLoad__C)
                  0081eb18    00000004     Sys_BIOs_config_pe66.oe66 (.const:ti_sysbios_utils_Load_LS_taskLoad__C)
                  0081eb1c    00000004     Sys_BIOs_config_pe66.oe66 (.const:ti_sysbios_utils_Load_Module_State_taskList__O)
                  0081eb20    00000004     Sys_BIOs_config_pe66.oe66 (.const:ti_sysbios_utils_Load_Module__diagsEnabled__C)
                  0081eb24    00000004     Sys_BIOs_config_pe66.oe66 (.const:ti_sysbios_utils_Load_Module__diagsIncluded__C)
                  0081eb28    00000004     Sys_BIOs_config_pe66.oe66 (.const:ti_sysbios_utils_Load_Module__diagsMask__C)
                  0081eb2c    00000004     Sys_BIOs_config_pe66.oe66 (.const:ti_sysbios_utils_Load_Module__loggerFxn1__C)
                  0081eb30    00000004     Sys_BIOs_config_pe66.oe66 (.const:ti_sysbios_utils_Load_Module__loggerFxn2__C)
                  0081eb34    00000004     Sys_BIOs_config_pe66.oe66 (.const:ti_sysbios_utils_Load_Module__loggerFxn4__C)
                  0081eb38    00000004     Sys_BIOs_config_pe66.oe66 (.const:ti_sysbios_utils_Load_Module__loggerObj__C)
                  0081eb3c    00000004     Sys_BIOs_config_pe66.oe66 (.const:ti_sysbios_utils_Load_postUpdate__C)
                  0081eb40    00000004     Sys_BIOs_config_pe66.oe66 (.const:ti_sysbios_utils_Load_windowInMs__C)
                  0081eb44    00000004     Sys_BIOs_config_pe66.oe66 (.const:ti_uia_family_c66_TimestampC66XGlobal_timerBaseAdrs__C)
                  0081eb48    00000004     Sys_BIOs_config_pe66.oe66 (.const:ti_uia_runtime_ILoggerSnapshot_Interface__BASE__C)
                  0081eb4c    00000004     Sys_BIOs_config_pe66.oe66 (.const:ti_uia_runtime_IUIATransfer_Interface__BASE__C)
                  0081eb50    00000004     Sys_BIOs_config_pe66.oe66 (.const:ti_uia_runtime_LoggerProbePoint_E_badLevel__C)
                  0081eb54    00000004     Sys_BIOs_config_pe66.oe66 (.const:ti_uia_runtime_LoggerProbePoint_Object__count__C)
                  0081eb58    00000004     Sys_BIOs_config_pe66.oe66 (.const:ti_uia_runtime_LoggerProbePoint_overflowLogger__C)
                  0081eb5c    00000004     Sys_BIOs_config_pe66.oe66 (.const:ti_uia_runtime_LoggerProbePoint_statusLogger__C)
                  0081eb60    00000004     Sys_BIOs_config_pe66.oe66 (.const:ti_uia_runtime_LoggerStopMode_E_badLevel__C)
                  0081eb64    00000004     Sys_BIOs_config_pe66.oe66 (.const:ti_uia_runtime_LoggerStopMode_Object__count__C)
                  0081eb68    00000004     Sys_BIOs_config_pe66.oe66 (.const:ti_uia_runtime_LoggerStopMode_overflowLogger__C)
                  0081eb6c    00000004     Sys_BIOs_config_pe66.oe66 (.const:ti_uia_runtime_LoggerStopMode_statusLogger__C)
                  0081eb70    00000004     Sys_BIOs_config_pe66.oe66 (.const:xdc_runtime_Assert_E_assertFailed__C)
                  0081eb74    00000004     Sys_BIOs_config_pe66.oe66 (.const:xdc_runtime_Core_A_initializedParams__C)
                  0081eb78    00000004     Sys_BIOs_config_pe66.oe66 (.const:xdc_runtime_Core_Module__diagsEnabled__C)
                  0081eb7c    00000004     Sys_BIOs_config_pe66.oe66 (.const:xdc_runtime_Core_Module__diagsIncluded__C)
                  0081eb80    00000004     Sys_BIOs_config_pe66.oe66 (.const:xdc_runtime_Core_Module__diagsMask__C)
                  0081eb84    00000004     Sys_BIOs_config_pe66.oe66 (.const:xdc_runtime_Error_E_memory__C)
                  0081eb88    00000004     Sys_BIOs_config_pe66.oe66 (.const:xdc_runtime_Error_Module__diagsEnabled__C)
                  0081eb8c    00000004     Sys_BIOs_config_pe66.oe66 (.const:xdc_runtime_Error_Module__diagsIncluded__C)
                  0081eb90    00000004     Sys_BIOs_config_pe66.oe66 (.const:xdc_runtime_Error_Module__diagsMask__C)
                  0081eb94    00000004     Sys_BIOs_config_pe66.oe66 (.const:xdc_runtime_Error_Module__loggerFxn8__C)
                  0081eb98    00000004     Sys_BIOs_config_pe66.oe66 (.const:xdc_runtime_Error_Module__loggerObj__C)
                  0081eb9c    00000004     Sys_BIOs_config_pe66.oe66 (.const:xdc_runtime_Error_policy__C)
                  0081eba0    00000004     Sys_BIOs_config_pe66.oe66 (.const:xdc_runtime_Error_raiseHook__C)
                  0081eba4    00000004     Sys_BIOs_config_pe66.oe66 (.const:xdc_runtime_IFilterLogger_Interface__BASE__C)
                  0081eba8    00000004     Sys_BIOs_config_pe66.oe66 (.const:xdc_runtime_IGateProvider_Interface__BASE__C)
                  0081ebac    00000004     Sys_BIOs_config_pe66.oe66 (.const:xdc_runtime_IHeap_Interface__BASE__C)
                  0081ebb0    00000004     Sys_BIOs_config_pe66.oe66 (.const:xdc_runtime_ILogger_Interface__BASE__C)
                  0081ebb4    00000004     Sys_BIOs_config_pe66.oe66 (.const:xdc_runtime_IModule_Interface__BASE__C)
                  0081ebb8    00000004     Sys_BIOs_config_pe66.oe66 (.const:xdc_runtime_Log_L_error__C)
                  0081ebbc    00000004     Sys_BIOs_config_pe66.oe66 (.const:xdc_runtime_LoggerBuf_E_badLevel__C)
                  0081ebc0    00000004     Sys_BIOs_config_pe66.oe66 (.const:xdc_runtime_LoggerBuf_Module__gateObj__C)
                  0081ebc4    00000004     Sys_BIOs_config_pe66.oe66 (.const:xdc_runtime_LoggerBuf_Object__count__C)
                  0081ebc8    00000004     Sys_BIOs_config_pe66.oe66 (.const:xdc_runtime_LoggerBuf_statusLogger__C)
                  0081ebcc    00000004     Sys_BIOs_config_pe66.oe66 (.const:xdc_runtime_Memory_defaultHeapInstance__C)
                  0081ebd0    00000004     Sys_BIOs_config_pe66.oe66 (.const:xdc_runtime_Startup_execImpl__C)
                  0081ebd4    00000004     Sys_BIOs_config_pe66.oe66 (.const:xdc_runtime_Startup_maxPasses__C)
                  0081ebd8    00000004     Sys_BIOs_config_pe66.oe66 (.const:xdc_runtime_Startup_lastFxns__A)
                  0081ebdc    00000004     Sys_BIOs_config_pe66.oe66 (.const:xdc_runtime_Startup_sfxnRts__C)
                  0081ebe0    00000004     Sys_BIOs_config_pe66.oe66 (.const:xdc_runtime_Startup_sfxnTab__C)
                  0081ebe4    00000004     Sys_BIOs_config_pe66.oe66 (.const:xdc_runtime_SysMin_bufSize__C)
                  0081ebe8    00000004     Sys_BIOs_config_pe66.oe66 (.const:xdc_runtime_SysMin_outputFunc__C)
                  0081ebec    00000004     Sys_BIOs_config_pe66.oe66 (.const:xdc_runtime_System_Module__gateObj__C)
                  0081ebf0    00000004     Sys_BIOs_config_pe66.oe66 (.const:xdc_runtime_System_extendFxn__C)
                  0081ebf4    00000004     Sys_BIOs_config_pe66.oe66 (.const:xdc_runtime_System_maxAtexitHandlers__C)
                  0081ebf8    00000004     Sys_BIOs_config_pe66.oe66 (.const:xdc_runtime_Text_charTab__C)
                  0081ebfc    00000004     Sys_BIOs_config_pe66.oe66 (.const:xdc_runtime_Text_nameEmpty__C)
                  0081ec00    00000004     Sys_BIOs_config_pe66.oe66 (.const:xdc_runtime_Text_nameStatic__C)
                  0081ec04    00000004     Sys_BIOs_config_pe66.oe66 (.const:xdc_runtime_Text_nameUnknown__C)
                  0081ec08    00000004     Sys_BIOs_config_pe66.oe66 (.const:xdc_runtime_Text_nodeTab__C)
                  0081ec0c    00000004     Sys_BIOs_config_pe66.oe66 (.const:xdc_runtime_Text_visitRopeFxn__C)
                  0081ec10    00000002     Sys_BIOs_config_pe66.oe66 (.const:ti_sysbios_family_c64p_Exception_useInternalBuffer__C)
                  0081ec12    00000002     Sys_BIOs_config_pe66.oe66 (.const:ti_sysbios_family_c64p_Hwi_Module__id__C)
                  0081ec14    00000002     Sys_BIOs_config_pe66.oe66 (.const:ti_sysbios_family_c64p_Hwi_Module__loggerDefined__C)
                  0081ec16    00000002     Sys_BIOs_config_pe66.oe66 (.const:ti_sysbios_gates_GateMutex_Module__id__C)
                  0081ec18    00000002     Sys_BIOs_config_pe66.oe66 (.const:ti_sysbios_hal_Hwi_Module__id__C)
                  0081ec1a    00000002     Sys_BIOs_config_pe66.oe66 (.const:ti_sysbios_heaps_HeapMem_Module__id__C)
                  0081ec1c    00000002     Sys_BIOs_config_pe66.oe66 (.const:ti_sysbios_knl_Clock_Module__id__C)
                  0081ec1e    00000002     Sys_BIOs_config_pe66.oe66 (.const:ti_sysbios_knl_Clock_Module__loggerDefined__C)
                  0081ec20    00000002     Sys_BIOs_config_pe66.oe66 (.const:ti_sysbios_knl_Semaphore_Module__id__C)
                  0081ec22    00000002     Sys_BIOs_config_pe66.oe66 (.const:ti_sysbios_knl_Semaphore_Module__loggerDefined__C)
                  0081ec24    00000002     Sys_BIOs_config_pe66.oe66 (.const:ti_sysbios_knl_Swi_Module__id__C)
                  0081ec26    00000002     Sys_BIOs_config_pe66.oe66 (.const:ti_sysbios_knl_Swi_Module__loggerDefined__C)
                  0081ec28    00000002     Sys_BIOs_config_pe66.oe66 (.const:ti_sysbios_knl_Task_Module__id__C)
                  0081ec2a    00000002     Sys_BIOs_config_pe66.oe66 (.const:ti_sysbios_knl_Task_Module__loggerDefined__C)
                  0081ec2c    00000002     Sys_BIOs_config_pe66.oe66 (.const:ti_sysbios_knl_Task_deleteTerminatedTasks__C)
                  0081ec2e    00000002     Sys_BIOs_config_pe66.oe66 (.const:ti_sysbios_knl_Task_initStackFlag__C)
                  0081ec30    00000002     Sys_BIOs_config_pe66.oe66 (.const:ti_sysbios_timers_timer64_Timer_Module__id__C)
                  0081ec32    00000002     Sys_BIOs_config_pe66.oe66 (.const:ti_sysbios_timers_timer64_Timer_startupNeeded__C)
                  0081ec34    00000002     Sys_BIOs_config_pe66.oe66 (.const:ti_sysbios_utils_Load_Module__id__C)
                  0081ec36    00000002     Sys_BIOs_config_pe66.oe66 (.const:ti_sysbios_utils_Load_Module__loggerDefined__C)
                  0081ec38    00000002     Sys_BIOs_config_pe66.oe66 (.const:ti_sysbios_utils_Load_autoAddTasks__C)
                  0081ec3a    00000002     Sys_BIOs_config_pe66.oe66 (.const:ti_sysbios_utils_Load_hwiEnabled__C)
                  0081ec3c    00000002     Sys_BIOs_config_pe66.oe66 (.const:ti_sysbios_utils_Load_swiEnabled__C)
                  0081ec3e    00000002     Sys_BIOs_config_pe66.oe66 (.const:ti_sysbios_utils_Load_taskEnabled__C)
                  0081ec40    00000002     Sys_BIOs_config_pe66.oe66 (.const:ti_sysbios_utils_Load_updateInIdle__C)
                  0081ec42    00000002     Sys_BIOs_config_pe66.oe66 (.const:ti_uia_runtime_LoggerProbePoint_Module__id__C)
                  0081ec44    00000002     Sys_BIOs_config_pe66.oe66 (.const:ti_uia_runtime_LoggerProbePoint_filterByLevel__C)
                  0081ec46    00000002     Sys_BIOs_config_pe66.oe66 (.const:ti_uia_runtime_LoggerProbePoint_isTimestampEnabled__C)
                  0081ec48    00000002     Sys_BIOs_config_pe66.oe66 (.const:ti_uia_runtime_LoggerStopMode_Module__id__C)
                  0081ec4a    00000002     Sys_BIOs_config_pe66.oe66 (.const:ti_uia_runtime_LoggerStopMode_filterByLevel__C)
                  0081ec4c    00000002     Sys_BIOs_config_pe66.oe66 (.const:ti_uia_runtime_LoggerStopMode_isTimestampEnabled__C)
                  0081ec4e    00000002     Sys_BIOs_config_pe66.oe66 (.const:xdc_runtime_Core_Module__id__C)
                  0081ec50    00000002     Sys_BIOs_config_pe66.oe66 (.const:xdc_runtime_Error_Module__loggerDefined__C)
                  0081ec52    00000002     Sys_BIOs_config_pe66.oe66 (.const:xdc_runtime_Error_maxDepth__C)
                  0081ec54    00000002     Sys_BIOs_config_pe66.oe66 (.const:xdc_runtime_LoggerBuf_Module__id__C)
                  0081ec56    00000002     Sys_BIOs_config_pe66.oe66 (.const:xdc_runtime_LoggerBuf_filterByLevel__C)
                  0081ec58    00000002     Sys_BIOs_config_pe66.oe66 (.const:xdc_runtime_Memory_Module__id__C)
                  0081ec5a    00000002     Sys_BIOs_config_pe66.oe66 (.const:xdc_runtime_SysMin_flushAtExit__C)
                  0081ec5c    00000002     Sys_BIOs_config_pe66.oe66 (.const:xdc_runtime_Text_charCnt__C)
[...]
00816e80   xdc_runtime_Startup_exec__I
00816ea0   xdc_runtime_Startup_reset__I
00816ec0   xdc_runtime_SysMin_ready__E
00816ec0   xdc_runtime_SysMin_ready__F
00816ec0   xdc_runtime_System_SupportProxy_ready__E
00816ee0   xdc_runtime_System_Module_GateProxy_enter__E
00816f00   xdc_runtime_System_Module_GateProxy_leave__E
00816f20   xdc_runtime_System_Module_startup__E
00816f20   xdc_runtime_System_Module_startup__F
00816f40   xdc_runtime_System_exit__E
00816f40   xdc_runtime_System_exit__F
00816f60   xdc_runtime_System_lastFxn__I
00816f80   xdc_runtime_System_snprintf_va__E
00816f80   xdc_runtime_System_snprintf_va__F
00816f80   xdc_runtime_System_vsnprintf__E
00816f80   xdc_runtime_System_vsnprintf__F
00816fa0   xdc_runtime_Text_visitRope__I
00816fc0   xdc_runtime_Timestamp_Module__startupDone__S
00816fe0   ti_sysbios_heaps_HeapMem_Instance_State_0_buf__A
00817fe0   ti_sysbios_knl_Task_Instance_State_0_hookEnv__A
00817fe8   ti_sysbios_knl_Task_Instance_State_1_hookEnv__A
00817ff0   ti_uia_runtime_LoggerProbePoint_Instance_State_0_bufferArray__A
00818270   ti_uia_runtime_LoggerProbePoint_Instance_State_1_bufferArray__A
008186f0   ti_uia_runtime_LoggerProbePoint_Instance_State_2_bufferArray__A
00818b70   ti_uia_runtime_LoggerStopMode_Instance_State_0_bufferArray__A
00818df0   xdc_runtime_LoggerBuf_Instance_State_0_entryArr__A
008191f0   xdc_runtime_SysMin_Module_State_0_outbuf__A
008195f0   ti_sysbios_knl_Task_Instance_State_0_stack__A
00819df0   ti_sysbios_knl_Task_Instance_State_1_stack__A
0081a5f0   data
0081b2d0   _tmpnams
0081b410   gtz_out
0081b438   _lock
0081b43c   _unlock
0081b440   xdc_runtime_Text_charTab__A
0081dc6e   ti_sysbios_BIOS_Module__id__C
0081dc70   ti_sysbios_family_c66_Cache_marvalues__C
0081e070   xdc_runtime_Text_nodeTab__A
0081e198   _ctypes_
0081e29a   ti_sysbios_family_c64p_Exception_Module__id__C
0081e29c   ti_uia_runtime_LoggerProbePoint_Module__FXNS__C
0081e2fc   ti_uia_runtime_LoggerStopMode_Module__FXNS__C
0081e458   xdc_runtime_Startup_sfxnTab__A
0081e518   xdc_runtime_LoggerBuf_Module__FXNS__C
0081e554   ti_uia_runtime_LoggerProbePoint_Object__PARAMS__C
0081e588   ti_uia_runtime_LoggerStopMode_Object__PARAMS__C
0081e5c0   ti_sysbios_knl_Task_hooks__A
0081e61c   ti_sysbios_heaps_HeapMem_Module__FXNS__C
0081e644   xdc_runtime_LoggerBuf_Object__PARAMS__C
0081e66c   ti_sysbios_gates_GateHwi_Module__FXNS__C
0081e690   ti_sysbios_gates_GateMutex_Module__FXNS__C
0081e6b4   ti_sysbios_heaps_HeapMem_Object__PARAMS__C
0081e6d8   ti_sysbios_knl_Clock_Object__PARAMS__C
0081e6fc   ti_sysbios_knl_Semaphore_Object__PARAMS__C
0081e744   ti_sysbios_BIOS_Module__diagsEnabled__C
0081e748   xdc_runtime_Startup_sfxnRts__A
0081e76a   ti_sysbios_family_c64p_Exception_enableExternalMPC__C
0081e76c   ti_sysbios_gates_GateHwi_Object__DESC__C
0081e78c   ti_sysbios_gates_GateMutex_Object__DESC__C
0081e7ac   ti_sysbios_heaps_HeapMem_Object__DESC__C
0081e7cc   ti_sysbios_knl_Clock_Object__DESC__C
0081e7ec   ti_sysbios_knl_Queue_Object__DESC__C
0081e80c   ti_sysbios_knl_Semaphore_Object__DESC__C
0081e82c   ti_uia_runtime_LoggerProbePoint_Object__DESC__C
0081e84c   ti_uia_runtime_LoggerStopMode_Object__DESC__C
0081e86c   xdc_runtime_LoggerBuf_Object__DESC__C
0081e88c   ti_sysbios_gates_GateHwi_Object__PARAMS__C
0081e8a4   ti_sysbios_gates_GateMutex_Object__PARAMS__C
0081e8bc   ti_sysbios_knl_Queue_Object__PARAMS__C
0081e8d4   ti_sysbios_family_c66_Cache_initSize__C
0081e8f2   ti_sysbios_family_c64p_Exception_enablePrint__C
0081e8f4   ti_sysbios_BIOS_Module__diagsIncluded__C
0081e940   ti_sysbios_knl_Idle_coreList__A
0081e948   ti_sysbios_knl_Idle_coreList__C
0081e950   ti_sysbios_knl_Idle_funcList__A
0081e958   ti_sysbios_knl_Idle_funcList__C
0081e960   ti_sysbios_knl_Task_hooks__C
0081e968   xdc_runtime_Startup_firstFxns__A
0081e970   xdc_runtime_Startup_firstFxns__C
0081e978   xdc_runtime_Startup_lastFxns__C
0081e980   ti_sysbios_BIOS_Module__diagsMask__C
0081e984   ti_sysbios_BIOS_installedErrorHook__C
0081e988   ti_sysbios_family_c64p_Exception_E_exceptionMax__C
0081e98c   ti_sysbios_family_c64p_Exception_E_exceptionMin__C
0081e990   ti_sysbios_family_c64p_Exception_exceptionHook__C
0081e994   ti_sysbios_family_c64p_Exception_externalHook__C
0081e998   ti_sysbios_family_c64p_Exception_internalHook__C
0081e99c   ti_sysbios_family_c64p_Exception_nmiHook__C
0081e9a0   ti_sysbios_family_c64p_Hwi_LD_end__C
0081e9a4   ti_sysbios_family_c64p_Hwi_LM_begin__C
0081e9a8   ti_sysbios_family_c64p_Hwi_Module__diagsEnabled__C
0081e9ac   ti_sysbios_family_c64p_Hwi_Module__diagsIncluded__C
0081e9b0   ti_sysbios_family_c64p_Hwi_Module__diagsMask__C
0081e9b4   ti_sysbios_family_c64p_Hwi_Module__loggerFxn1__C
0081e9b8   ti_sysbios_family_c64p_Hwi_Module__loggerFxn8__C
0081e9bc   ti_sysbios_family_c64p_Hwi_Module__loggerObj__C
0081e9c0   ti_sysbios_gates_GateMutex_A_badContext__C
0081e9c4   ti_sysbios_gates_GateMutex_Instance_State_sem__O
0081e9c8   ti_sysbios_gates_GateMutex_Module__diagsEnabled__C
0081e9cc   ti_sysbios_gates_GateMutex_Module__diagsIncluded__C
0081e9d0   ti_sysbios_gates_GateMutex_Module__diagsMask__C
0081e9d4   ti_sysbios_hal_Hwi_E_stackOverflow__C
0081e9d8   ti_sysbios_heaps_HeapMem_A_align__C
0081e9dc   ti_sysbios_heaps_HeapMem_A_heapSize__C
0081e9e0   ti_sysbios_heaps_HeapMem_A_invalidFree__C
0081e9e4   ti_sysbios_heaps_HeapMem_A_zeroBlock__C
0081e9e8   ti_sysbios_heaps_HeapMem_E_memory__C
0081e9ec   ti_sysbios_heaps_HeapMem_Module__diagsEnabled__C
0081e9f0   ti_sysbios_heaps_HeapMem_Module__diagsIncluded__C
0081e9f4   ti_sysbios_heaps_HeapMem_Module__diagsMask__C
0081e9f8   ti_sysbios_heaps_HeapMem_Module__gateObj__C
0081e9fc   ti_sysbios_heaps_HeapMem_Object__count__C
0081ea00   ti_sysbios_heaps_HeapMem_reqAlign__C
0081ea04   ti_sysbios_knl_Clock_A_badThreadType__C
0081ea08   ti_sysbios_knl_Clock_LM_begin__C
0081ea0c   ti_sysbios_knl_Clock_LM_tick__C
0081ea10   ti_sysbios_knl_Clock_LW_delayed__C
0081ea14   ti_sysbios_knl_Clock_Module_State_clockQ__O
0081ea18   ti_sysbios_knl_Clock_Module__diagsEnabled__C
0081ea1c   ti_sysbios_knl_Clock_Module__diagsIncluded__C
0081ea20   ti_sysbios_knl_Clock_Module__diagsMask__C
0081ea24   ti_sysbios_knl_Clock_Module__loggerFxn1__C
0081ea28   ti_sysbios_knl_Clock_Module__loggerFxn2__C
0081ea2c   ti_sysbios_knl_Clock_Module__loggerObj__C
0081ea30   ti_sysbios_knl_Clock_tickMode__C
0081ea34   ti_sysbios_knl_Clock_tickSource__C
0081ea38   ti_sysbios_knl_Semaphore_A_badContext__C
0081ea3c   ti_sysbios_knl_Semaphore_A_noEvents__C
0081ea40   ti_sysbios_knl_Semaphore_A_overflow__C
0081ea44   ti_sysbios_knl_Semaphore_A_pendTaskDisabled__C
0081ea48   ti_sysbios_knl_Semaphore_Instance_State_pendQ__O
0081ea4c   ti_sysbios_knl_Semaphore_LM_pend__C
0081ea50   ti_sysbios_knl_Semaphore_LM_post__C
0081ea54   ti_sysbios_knl_Semaphore_Module__diagsEnabled__C
0081ea58   ti_sysbios_knl_Semaphore_Module__diagsIncluded__C
0081ea5c   ti_sysbios_knl_Semaphore_Module__diagsMask__C
0081ea60   ti_sysbios_knl_Semaphore_Module__loggerFxn2__C
0081ea64   ti_sysbios_knl_Semaphore_Module__loggerFxn4__C
0081ea68   ti_sysbios_knl_Semaphore_Module__loggerObj__C
0081ea6c   ti_sysbios_knl_Swi_LD_end__C
0081ea70   ti_sysbios_knl_Swi_LM_begin__C
0081ea74   ti_sysbios_knl_Swi_LM_post__C
0081ea78   ti_sysbios_knl_Swi_Module__diagsEnabled__C
0081ea7c   ti_sysbios_knl_Swi_Module__diagsIncluded__C
0081ea80   ti_sysbios_knl_Swi_Module__diagsMask__C
0081ea84   ti_sysbios_knl_Swi_Module__loggerFxn1__C
0081ea88   ti_sysbios_knl_Swi_Module__loggerFxn4__C
0081ea8c   ti_sysbios_knl_Swi_Module__loggerObj__C
0081ea90   ti_sysbios_knl_Swi_Object__count__C
0081ea94   ti_sysbios_knl_Task_A_badTimeout__C
0081ea98   ti_sysbios_knl_Task_A_sleepTaskDisabled__C
0081ea9c   ti_sysbios_knl_Task_E_spOutOfBounds__C
0081eaa0   ti_sysbios_knl_Task_E_stackOverflow__C
0081eaa4   ti_sysbios_knl_Task_LD_block__C
0081eaa8   ti_sysbios_knl_Task_LD_exit__C
0081eaac   ti_sysbios_knl_Task_LD_ready__C
0081eab0   ti_sysbios_knl_Task_LM_sleep__C
0081eab4   ti_sysbios_knl_Task_LM_switch__C
0081eab8   ti_sysbios_knl_Task_Module_State_inactiveQ__O
0081eabc   ti_sysbios_knl_Task_Module_State_terminatedQ__O
0081eac0   ti_sysbios_knl_Task_Module__diagsEnabled__C
0081eac4   ti_sysbios_knl_Task_Module__diagsIncluded__C
0081eac8   ti_sysbios_knl_Task_Module__diagsMask__C
0081eacc   ti_sysbios_knl_Task_Module__loggerFxn2__C
0081ead0   ti_sysbios_knl_Task_Module__loggerFxn4__C
0081ead4   ti_sysbios_knl_Task_Module__loggerObj__C
0081ead8   ti_sysbios_knl_Task_Object__count__C
0081eadc   ti_sysbios_knl_Task_Object__heap__C
0081eae0   ti_sysbios_knl_Task_allBlockedFunc__C
0081eae4   ti_sysbios_knl_Task_numConstructedTasks__C
0081eae8   ti_sysbios_timers_timer64_Timer_A_notAvailable__C
0081eaec   ti_sysbios_timers_timer64_Timer_E_cannotSupport__C
0081eaf0   ti_sysbios_timers_timer64_Timer_Module__diagsEnabled__C
0081eaf4   ti_sysbios_timers_timer64_Timer_Module__diagsIncluded__C
0081eaf8   ti_sysbios_timers_timer64_Timer_Module__diagsMask__C
0081eafc   ti_sysbios_timers_timer64_Timer_anyMask__C
0081eb00   ti_sysbios_timers_timer64_Timer_freqDivisor__C
0081eb04   ti_sysbios_timers_timer64_Timer_numLocalTimers__C
0081eb08   ti_sysbios_timers_timer64_Timer_numTimerDevices__C
0081eb0c   ti_sysbios_utils_Load_LS_cpuLoad__C
0081eb10   ti_sysbios_utils_Load_LS_hwiLoad__C
0081eb14   ti_sysbios_utils_Load_LS_swiLoad__C
0081eb18   ti_sysbios_utils_Load_LS_taskLoad__C
0081eb1c   ti_sysbios_utils_Load_Module_State_taskList__O
0081eb20   ti_sysbios_utils_Load_Module__diagsEnabled__C
0081eb24   ti_sysbios_utils_Load_Module__diagsIncluded__C
0081eb28   ti_sysbios_utils_Load_Module__diagsMask__C
0081eb2c   ti_sysbios_utils_Load_Module__loggerFxn1__C
0081eb30   ti_sysbios_utils_Load_Module__loggerFxn2__C
0081eb34   ti_sysbios_utils_Load_Module__loggerFxn4__C
0081eb38   ti_sysbios_utils_Load_Module__loggerObj__C
0081eb3c   ti_sysbios_utils_Load_postUpdate__C
0081eb40   ti_sysbios_utils_Load_windowInMs__C
0081eb44   ti_uia_family_c66_TimestampC66XGlobal_timerBaseAdrs__C
0081eb48   ti_uia_runtime_ILoggerSnapshot_Interface__BASE__C
0081eb4c   ti_uia_runtime_IUIATransfer_Interface__BASE__C
0081eb50   ti_uia_runtime_LoggerProbePoint_E_badLevel__C
0081eb54   ti_uia_runtime_LoggerProbePoint_Object__count__C
0081eb58   ti_uia_runtime_LoggerProbePoint_overflowLogger__C
0081eb5c   ti_uia_runtime_LoggerProbePoint_statusLogger__C
0081eb60   ti_uia_runtime_LoggerStopMode_E_badLevel__C
0081eb64   ti_uia_runtime_LoggerStopMode_Object__count__C
0081eb68   ti_uia_runtime_LoggerStopMode_overflowLogger__C
0081eb6c   ti_uia_runtime_LoggerStopMode_statusLogger__C
0081eb70   xdc_runtime_Assert_E_assertFailed__C
0081eb74   xdc_runtime_Core_A_initializedParams__C
0081eb78   xdc_runtime_Core_Module__diagsEnabled__C
0081eb7c   xdc_runtime_Core_Module__diagsIncluded__C
0081eb80   xdc_runtime_Core_Module__diagsMask__C
0081eb84   xdc_runtime_Error_E_memory__C
0081eb88   xdc_runtime_Error_Module__diagsEnabled__C
0081eb8c   xdc_runtime_Error_Module__diagsIncluded__C
0081eb90   xdc_runtime_Error_Module__diagsMask__C
0081eb94   xdc_runtime_Error_Module__loggerFxn8__C
0081eb98   xdc_runtime_Error_Module__loggerObj__C
0081eb9c   xdc_runtime_Error_policy__C
0081eba0   xdc_runtime_Error_raiseHook__C
0081eba4   xdc_runtime_IFilterLogger_Interface__BASE__C
0081eba8   xdc_runtime_IGateProvider_Interface__BASE__C
0081ebac   xdc_runtime_IHeap_Interface__BASE__C
0081ebb0   xdc_runtime_ILogger_Interface__BASE__C
0081ebb4   xdc_runtime_IModule_Interface__BASE__C
0081ebb8   xdc_runtime_Log_L_error__C
0081ebbc   xdc_runtime_LoggerBuf_E_badLevel__C
0081ebc0   xdc_runtime_LoggerBuf_Module__gateObj__C
0081ebc4   xdc_runtime_LoggerBuf_Object__count__C
0081ebc8   xdc_runtime_LoggerBuf_statusLogger__C
0081ebcc   xdc_runtime_Memory_defaultHeapInstance__C
0081ebd0   xdc_runtime_Startup_execImpl__C
0081ebd4   xdc_runtime_Startup_maxPasses__C
0081ebd8   xdc_runtime_Startup_lastFxns__A
0081ebdc   xdc_runtime_Startup_sfxnRts__C
0081ebe0   xdc_runtime_Startup_sfxnTab__C
0081ebe4   xdc_runtime_SysMin_bufSize__C
0081ebe8   xdc_runtime_SysMin_outputFunc__C
0081ebec   xdc_runtime_System_Module__gateObj__C
0081ebf0   xdc_runtime_System_extendFxn__C
0081ebf4   xdc_runtime_System_maxAtexitHandlers__C
0081ebf8   xdc_runtime_Text_charTab__C
0081ebfc   xdc_runtime_Text_nameEmpty__C
0081ec00   xdc_runtime_Text_nameStatic__C
0081ec04   xdc_runtime_Text_nameUnknown__C
0081ec08   xdc_runtime_Text_nodeTab__C
0081ec0c   xdc_runtime_Text_visitRopeFxn__C
0081ec10   ti_sysbios_family_c64p_Exception_useInternalBuffer__C
0081ec12   ti_sysbios_family_c64p_Hwi_Module__id__C
0081ec14   ti_sysbios_family_c64p_Hwi_Module__loggerDefined__C
0081ec16   ti_sysbios_gates_GateMutex_Module__id__C
0081ec18   ti_sysbios_hal_Hwi_Module__id__C
0081ec1a   ti_sysbios_heaps_HeapMem_Module__id__C
0081ec1c   ti_sysbios_knl_Clock_Module__id__C
0081ec1e   ti_sysbios_knl_Clock_Module__loggerDefined__C
0081ec20   ti_sysbios_knl_Semaphore_Module__id__C
0081ec22   ti_sysbios_knl_Semaphore_Module__loggerDefined__C
0081ec24   ti_sysbios_knl_Swi_Module__id__C
0081ec26   ti_sysbios_knl_Swi_Module__loggerDefined__C
0081ec28   ti_sysbios_knl_Task_Module__id__C
0081ec2a   ti_sysbios_knl_Task_Module__loggerDefined__C
0081ec2c   ti_sysbios_knl_Task_deleteTerminatedTasks__C
0081ec2e   ti_sysbios_knl_Task_initStackFlag__C
0081ec30   ti_sysbios_timers_timer64_Timer_Module__id__C
0081ec32   ti_sysbios_timers_timer64_Timer_startupNeeded__C
0081ec34   ti_sysbios_utils_Load_Module__id__C
0081ec36   ti_sysbios_utils_Load_Module__loggerDefined__C
0081ec38   ti_sysbios_utils_Load_autoAddTasks__C
0081ec3a   ti_sysbios_utils_Load_hwiEnabled__C
0081ec3c   ti_sysbios_utils_Load_swiEnabled__C
0081ec3e   ti_sysbios_utils_Load_taskEnabled__C
0081ec40   ti_sysbios_utils_Load_updateInIdle__C
0081ec42   ti_uia_runtime_LoggerProbePoint_Module__id__C
0081ec44   ti_uia_runtime_LoggerProbePoint_filterByLevel__C
0081ec46   ti_uia_runtime_LoggerProbePoint_isTimestampEnabled__C
0081ec48   ti_uia_runtime_LoggerStopMode_Module__id__C
0081ec4a   ti_uia_runtime_LoggerStopMode_filterByLevel__C
0081ec4c   ti_uia_runtime_LoggerStopMode_isTimestampEnabled__C
0081ec4e   xdc_runtime_Core_Module__id__C
0081ec50   xdc_runtime_Error_Module__loggerDefined__C
0081ec52   xdc_runtime_Error_maxDepth__C
0081ec54   xdc_runtime_LoggerBuf_Module__id__C
0081ec56   xdc_runtime_LoggerBuf_filterByLevel__C
0081ec58   xdc_runtime_Memory_Module__id__C
0081ec5a   xdc_runtime_SysMin_flushAtExit__C
0081ec5c   xdc_runtime_Text_charCnt__C
0081ec5e   xdc_runtime_Text_isLoaded__C
0081ec60   xdc_runtime_Text_registryModsLastId__C
0081ec62   xdc_runtime_Text_unnamedModsLastId__C
0081ec68   _stack
0081fc68   __TI_STACK_END
0081fc68   ti_sysbios_BIOS_Module__state__V
0081fc88   ti_sysbios_family_c64p_Exception_Module__state__V
0081fcb8   ti_sysbios_family_c64p_Hwi_Module__root__V
0081fcc0   ti_sysbios_family_c64p_Hwi_Module__state__V
0081fd28   ti_sysbios_gates_GateHwi_Module__root__V
0081fd30   ti_sysbios_gates_GateMutex_Module__root__V
0081fd38   ti_sysbios_hal_Hwi_Module__root__V
0081fd40   ti_sysbios_hal_Timer_Module__root__V
0081fd48   ti_sysbios_heaps_HeapMem_Module__root__V
0081fd50   ti_sysbios_knl_Clock_Module__root__V
0081fd58   ti_sysbios_knl_Clock_Module__state__V
0081fd80   ti_sysbios_knl_Event_Module__root__V
0081fd8c   ti_sysbios_knl_Queue_Module__root__V
0081fd94   ti_sysbios_knl_Semaphore_Module__root__V
0081fda0   ti_sysbios_knl_Swi_Module__root__V
0081fdac   ti_sysbios_knl_Swi_Module__state__V
0081fdc8   ti_sysbios_knl_Task_Module__root__V
0081fdd4   ti_sysbios_knl_Task_Module__state__V
0081fe18   ti_sysbios_timers_timer64_Timer_Module__root__V
0081fe20   ti_sysbios_timers_timer64_Timer_Module__state__V
0081fe34   ti_sysbios_utils_Load_Module__root__V
0081fe38   ti_sysbios_utils_Load_Module__state__V
0081feb4   ti_uia_family_c66_TimestampC66XGlobal_Module__root__V
0081febc   ti_uia_runtime_LogSync_Module__root__V
0081fec4   ti_uia_runtime_LogSync_Module__state__V
0081fed0   ti_uia_runtime_LoggerProbePoint_Module__root__V
0081fed8   ti_uia_runtime_LoggerProbePoint_Module__state__V
0081fee0   ti_uia_runtime_LoggerStopMode_Module__root__V
0081fee8   ti_uia_runtime_LoggerStopMode_Module__state__V
0081fef0   ti_uia_runtime_QueueDescriptor_Module__state__V
0081fefc   xdc_runtime_Error_Module__state__V
0081ff00   xdc_runtime_LoggerBuf_Module__root__V
0081ff08   xdc_runtime_LoggerBuf_Module__state__V
0081ff0e   xdc_runtime_Main_Module__root__V
0081ff10   xdc_runtime_Memory_Module__state__V
0081ff14   xdc_runtime_Registry_Module__state__V
0081ff1c   xdc_runtime_Startup_Module__state__V
0081ff24   xdc_runtime_SysMin_Module__state__V
0081ff30   xdc_runtime_System_Module__state__V
0081ff3c   xdc_runtime_Text_Module__state__V
0081ff44   __xdc__init__addr
0081ff48   _ftable
00820128   ti_sysbios_timers_timer64_Timer_Module_State_0_device__A
008202a8   ti_uia_runtime_LoggerProbePoint_Object__table__V
008203bc   _ft_end
00820460   ti_sysbios_knl_Task_Object__table__V
008204b0   TSK_idle
00820500   ti_sysbios_knl_Swi_Module_State_0_readyQ__A
00820580   ti_sysbios_knl_Task_Module_State_0_readyQ__A
00820600   ti_sysbios_timers_timer64_Timer_Module_State_0_gctrl__A
00820680   ti_sysbios_timers_timer64_Timer_Module_State_0_handles__A
00820700   ti_sysbios_timers_timer64_Timer_Module_State_0_intFreqs__A
008207f8   ti_uia_runtime_LoggerStopMode_Object__table__V
00820858   ti_sysbios_timers_timer64_Timer_Object__table__V
008208a4   __errno
008208a4   errno
008208e8   ti_sysbios_gates_GateMutex_Object__table__V
00820928   ti_sysbios_knl_Swi_Object__table__V
00820958   xdc_runtime_LoggerBuf_Object__table__V
008209c0   ti_sysbios_family_c64p_Hwi_Object__table__V
008209d8   ti_sysbios_heaps_HeapMem_Object__table__V
008209f0   coef
00820a00   xdc_runtime_System_Module_State_0_atexitHandlers__A
00820a10   _cleanup_ptr
00820a14   _dtors_ptr
00820a18   __TI_enable_exit_profile_output
00820a20   ti_sysbios_hal_Hwi_Object__table__V
00820a28   ti_sysbios_hal_Timer_Object__table__V
00820a30   ti_sysbios_gates_GateHwi_Object__table__V
00820a38   ti_sysbios_knl_Task_Module_State_0_idleTask__A
00820a40   ti_sysbios_utils_Load_Module_State_0_runningTask__A
00820a48   ti_sysbios_utils_Load_Module_State_0_taskStartTime__A
00820a50   __CIOBUF_
00820b70   __TI_STATIC_BASE
00820b70   buffer
00820b84   tdiff
00820b88   tdiff_final
00820b8c   sample
00820b98   ti_uia_runtime_QueueDescriptor_gPtrToFirstDescriptor
00820b9c   ti_uia_runtime_QueueDescriptor_gUpdateCount
00820ba0   flag
00820c00   ti_sysbios_family_c64p_Hwi0
00820c00   ti_sysbios_family_c64p_Hwi_int0
00820c20   ti_sysbios_family_c64p_Hwi_int1
00820c40   ti_sysbios_family_c64p_Hwi_int2
00820c60   ti_sysbios_family_c64p_Hwi_int3
00820c80   ti_sysbios_family_c64p_Hwi_int4
00820ca0   ti_sysbios_family_c64p_Hwi_int5
00820cc0   ti_sysbios_family_c64p_Hwi_int6
00820ce0   ti_sysbios_family_c64p_Hwi_int7
00820d00   ti_sysbios_family_c64p_Hwi_int8
00820d20   ti_sysbios_family_c64p_Hwi_int9
00820d40   ti_sysbios_family_c64p_Hwi_int10
00820d60   ti_sysbios_family_c64p_Hwi_int11
00820d80   ti_sysbios_family_c64p_Hwi_int12
00820da0   ti_sysbios_family_c64p_Hwi_int13
00820dc0   ti_sysbios_family_c64p_Hwi_int14
00820de0   ti_sysbios_family_c64p_Hwi_int15
008215f4   __TI_Handler_Table_Base
00821600   __TI_Handler_Table_Limit
0082161c   __TI_CINIT_Base
00821644   __TI_CINIT_Limit
ffffffff   __TI_pprof_out_hndl
ffffffff   __TI_prof_data_size
ffffffff   __TI_prof_data_start
ffffffff   __binit__
ffffffff   __c_args__
ffffffff   binit
UNDEFED    __TI_INITARRAY_Base
UNDEFED    __TI_INITARRAY_Limit

[886 symbols]
